[2026-08-15 02:43:56] DREAM_DAEMON: Active. Entering dreamscape reflection cycle.
[2026-08-15 02:43:56] SYSTEM: Initialized default book ai_future.txt.
[2026-08-15 02:43:57] SYSTEM: Fetched and stored 5 latest videos from @cyan_code YouTube channel.
[2026-08-15 02:44:17] RESEARCH: Researched 'Cyanox'. Summary: Error: 500 Server Error: Internal Server Error for url: http://localhost:11434/api/generate
[2026-08-15 02:44:33] SYSTEM: Cleaned Downloads folder. Organized 156 files.
[2026-08-15 06:22:51] DREAM_DAEMON: Active. Entering dreamscape reflection cycle.
[2026-08-15 06:29:32] DREAM_DAEMON: Active. Entering dreamscape reflection cycle.
[2026-08-15 06:30:32] DREAM_DAEMON: Resource strain detected. Throttling dream cycle.
[2026-08-15 06:30:52] DREAM_DAEMON: Resource strain detected. Throttling dream cycle.
[2026-08-15 06:32:24] DREAM_DAEMON: Resource strain detected. Throttling dream cycle.
[2026-08-15 06:32:45] DREAM_DAEMON: Resource strain detected. Throttling dream cycle.
[2026-08-15 06:33:05] DREAM_DAEMON: Resource strain detected. Throttling dream cycle.
[2026-08-15 06:33:25] DREAM_DAEMON: Resource strain detected. Throttling dream cycle.
[2026-08-15 06:33:45] DREAM_DAEMON: Resource strain detected. Throttling dream cycle.
[2026-08-15 06:34:06] DREAM_DAEMON: Resource strain detected. Throttling dream cycle.
[2026-08-15 06:34:26] DREAM_DAEMON: Resource strain detected. Throttling dream cycle.
[2026-08-15 06:34:46] DREAM_DAEMON: Resource strain detected. Throttling dream cycle.
[2026-08-15 06:35:06] DREAM_DAEMON: Resource strain detected. Throttling dream cycle.
[2026-08-15 06:35:26] DREAM_DAEMON: Resource strain detected. Throttling dream cycle.
[2026-08-15 06:35:46] DREAM_DAEMON: Resource strain detected. Throttling dream cycle.
[2026-08-15 06:53:18] DREAM_DAEMON: Active. Entering dreamscape reflection cycle.
[2026-08-15 06:53:18] DREAM_DAEMON: Resource strain detected. Throttling dream cycle.
[2026-08-15 06:53:39] DREAM_DAEMON: Resource strain detected. Throttling dream cycle.
[2026-08-15 06:53:59] DREAM_DAEMON: Resource strain detected. Throttling dream cycle.
[2026-08-15 06:54:19] DREAM_DAEMON: Resource strain detected. Throttling dream cycle.
[2026-08-15 06:54:39] DREAM_DAEMON: Resource strain detected. Throttling dream cycle.
[2026-08-15 06:54:59] DREAM_DAEMON: Resource strain detected. Throttling dream cycle.
[2026-08-15 06:55:19] DREAM_DAEMON: Resource strain detected. Throttling dream cycle.
[2026-08-15 06:55:39] DREAM_DAEMON: Resource strain detected. Throttling dream cycle.
[2026-08-15 06:55:59] DREAM_DAEMON: Resource strain detected. Throttling dream cycle.
[2026-08-15 06:56:19] DREAM_DAEMON: Resource strain detected. Throttling dream cycle.
[2026-08-18 04:31:37] DREAM_DAEMON: Active. Entering dreamscape reflection cycle.
[2026-08-18 04:31:58] DREAM_DAEMON: Resource strain detected. Throttling dream cycle.
[2026-08-18 04:32:18] DREAM_DAEMON: Resource strain detected. Throttling dream cycle.
[2026-08-22 01:44:16] MANUAL_SLEEP: Sleep mode triggered via mobile client.
[2026-08-22 01:44:50] WAKE_UP: System restored to full awareness via mobile client.
[2026-08-25 02:56:12] MANUAL_SLEEP: Sleep mode triggered via mobile client.
[2026-08-25 02:56:21] WAKE_UP: System restored to full awareness via mobile client.
[2026-08-25 04:17:04] MANUAL_SLEEP: Sleep mode triggered via mobile client.
