[2026-08-15 06:10:43] [INFO] [ren.memory]: Database backup saved to D:\Coding projects\REN-AI-main (1)\REN-AI-main\data\backups\ren_memory_backup_20260815_061043.db
[2026-08-15 06:10:43] [INFO] [ren.memory]: Successfully migrated 11 items from D:\Coding projects\REN-AI-main (1)\REN-AI-main\memory.json into SQLite.
[2026-08-15 06:10:43] [INFO] [ren.memory]: Database backup saved to C:\Users\CYANCO~1\AppData\Local\Temp\tmp8gucahzt\backups\ren_memory_backup_20260815_061043.db
[2026-08-15 06:10:43] [INFO] [ren.memory]: Successfully migrated 11 items from D:\Coding projects\REN-AI-main (1)\REN-AI-main\memory.json into SQLite.
[2026-08-15 06:10:43] [INFO] [ren.memory]: Database backup saved to C:\Users\CYANCO~1\AppData\Local\Temp\tmp8gucahzt\backups\ren_memory_backup_20260815_061043.db
[2026-08-15 06:10:43] [WARNING] [ren.memory]: Initiating database recovery protocol...
[2026-08-15 06:10:43] [INFO] [ren.memory]: Restored database from backup C:\Users\CYANCO~1\AppData\Local\Temp\tmp8gucahzt\backups\ren_memory_backup_20260815_061043.db
[2026-08-15 06:10:43] [INFO] [ren.memory]: Database backup saved to C:\Users\CYANCO~1\AppData\Local\Temp\tmpacmzwohu\backups\ren_memory_backup_20260815_061043.db
[2026-08-15 06:10:43] [INFO] [ren.memory]: Successfully migrated 12 items from D:\Coding projects\REN-AI-main (1)\REN-AI-main\memory.json into SQLite.
[2026-08-15 06:10:44] [INFO] [ren.memory]: Database backup saved to C:\Users\CYANCO~1\AppData\Local\Temp\tmpnbsh5s5v\backups\ren_memory_backup_20260815_061044.db
[2026-08-15 06:10:44] [INFO] [ren.memory]: Successfully migrated 12 items from D:\Coding projects\REN-AI-main (1)\REN-AI-main\memory.json into SQLite.
[2026-08-15 06:10:44] [INFO] [ren.memory]: Database backup saved to C:\Users\CYANCO~1\AppData\Local\Temp\tmpuet1h05y\backups\ren_memory_backup_20260815_061044.db
[2026-08-15 06:10:44] [INFO] [ren.memory]: Successfully migrated 12 items from D:\Coding projects\REN-AI-main (1)\REN-AI-main\memory.json into SQLite.
[2026-08-15 06:10:45] [INFO] [ren.memory]: Database backup saved to C:\Users\CYANCO~1\AppData\Local\Temp\tmpiwpsrh3f\backups\ren_memory_backup_20260815_061045.db
[2026-08-15 06:10:45] [INFO] [ren.memory]: Successfully migrated 12 items from D:\Coding projects\REN-AI-main (1)\REN-AI-main\memory.json into SQLite.
[2026-08-15 06:11:15] [INFO] [ren.memory]: Database backup saved to C:\Users\CYANCO~1\AppData\Local\Temp\tmprv2qmq7h\backups\ren_memory_backup_20260815_061115.db
[2026-08-15 06:11:15] [INFO] [ren.memory]: Successfully migrated 12 items from D:\Coding projects\REN-AI-main (1)\REN-AI-main\memory.json into SQLite.
[2026-08-15 06:11:16] [INFO] [ren.memory]: Database backup saved to C:\Users\CYANCO~1\AppData\Local\Temp\tmprv2qmq7h\backups\ren_memory_backup_20260815_061116.db
[2026-08-15 06:11:16] [WARNING] [ren.memory]: Initiating database recovery protocol...
[2026-08-15 06:11:16] [INFO] [ren.memory]: Restored database from backup C:\Users\CYANCO~1\AppData\Local\Temp\tmprv2qmq7h\backups\ren_memory_backup_20260815_061116.db
[2026-08-15 06:11:16] [INFO] [ren.memory]: Database backup saved to C:\Users\CYANCO~1\AppData\Local\Temp\tmpzx9xqgty\backups\ren_memory_backup_20260815_061116.db
[2026-08-15 06:11:16] [INFO] [ren.memory]: Successfully migrated 12 items from D:\Coding projects\REN-AI-main (1)\REN-AI-main\memory.json into SQLite.
[2026-08-15 06:11:16] [INFO] [ren.memory]: Database backup saved to C:\Users\CYANCO~1\AppData\Local\Temp\tmp6tdu0t32\backups\ren_memory_backup_20260815_061116.db
[2026-08-15 06:11:16] [INFO] [ren.memory]: Successfully migrated 12 items from D:\Coding projects\REN-AI-main (1)\REN-AI-main\memory.json into SQLite.
[2026-08-15 06:11:17] [INFO] [ren.memory]: Database backup saved to C:\Users\CYANCO~1\AppData\Local\Temp\tmp2schgk62\backups\ren_memory_backup_20260815_061117.db
[2026-08-15 06:11:17] [INFO] [ren.memory]: Successfully migrated 12 items from D:\Coding projects\REN-AI-main (1)\REN-AI-main\memory.json into SQLite.
[2026-08-15 06:11:17] [INFO] [ren.memory]: Database backup saved to C:\Users\CYANCO~1\AppData\Local\Temp\tmp2vvhna5y\backups\ren_memory_backup_20260815_061117.db
[2026-08-15 06:11:17] [INFO] [ren.memory]: Successfully migrated 12 items from D:\Coding projects\REN-AI-main (1)\REN-AI-main\memory.json into SQLite.
[2026-08-15 06:11:30] [INFO] [ren.memory]: Database backup saved to C:\Users\CYANCO~1\AppData\Local\Temp\tmpn0ffgz4k\backups\ren_memory_backup_20260815_061130.db
[2026-08-15 06:11:30] [INFO] [ren.memory]: Successfully migrated 12 items from D:\Coding projects\REN-AI-main (1)\REN-AI-main\memory.json into SQLite.
[2026-08-15 06:11:30] [INFO] [ren.memory]: Database backup saved to C:\Users\CYANCO~1\AppData\Local\Temp\tmpn0ffgz4k\backups\ren_memory_backup_20260815_061130.db
[2026-08-15 06:11:30] [WARNING] [ren.memory]: Initiating database recovery protocol...
[2026-08-15 06:11:30] [INFO] [ren.memory]: Restored database from backup C:\Users\CYANCO~1\AppData\Local\Temp\tmpn0ffgz4k\backups\ren_memory_backup_20260815_061130.db
[2026-08-15 06:11:30] [INFO] [ren.memory]: Database backup saved to C:\Users\CYANCO~1\AppData\Local\Temp\tmptglrbrye\backups\ren_memory_backup_20260815_061130.db
[2026-08-15 06:11:30] [INFO] [ren.memory]: Successfully migrated 12 items from D:\Coding projects\REN-AI-main (1)\REN-AI-main\memory.json into SQLite.
[2026-08-15 06:11:31] [INFO] [ren.memory]: Database backup saved to C:\Users\CYANCO~1\AppData\Local\Temp\tmpbyep3m6m\backups\ren_memory_backup_20260815_061131.db
[2026-08-15 06:11:31] [INFO] [ren.memory]: Successfully migrated 12 items from D:\Coding projects\REN-AI-main (1)\REN-AI-main\memory.json into SQLite.
[2026-08-15 06:11:31] [INFO] [ren.memory]: Database backup saved to C:\Users\CYANCO~1\AppData\Local\Temp\tmpv2_ydrqc\backups\ren_memory_backup_20260815_061131.db
[2026-08-15 06:11:31] [INFO] [ren.memory]: Successfully migrated 12 items from D:\Coding projects\REN-AI-main (1)\REN-AI-main\memory.json into SQLite.
[2026-08-15 06:11:32] [INFO] [ren.memory]: Database backup saved to C:\Users\CYANCO~1\AppData\Local\Temp\tmpjl3bkwtl\backups\ren_memory_backup_20260815_061132.db
[2026-08-15 06:11:32] [INFO] [ren.memory]: Successfully migrated 12 items from D:\Coding projects\REN-AI-main (1)\REN-AI-main\memory.json into SQLite.
[2026-08-15 06:23:44] [INFO] [ren.memory]: Database backup saved to C:\Users\CYANCO~1\AppData\Local\Temp\tmpv5jkds9w\backups\ren_memory_backup_20260815_062344.db
[2026-08-15 06:23:44] [INFO] [ren.memory]: Successfully migrated 12 items from D:\Coding projects\REN-AI-main (1)\REN-AI-main\memory.json into SQLite.
[2026-08-15 06:23:44] [INFO] [ren.memory]: Database backup saved to C:\Users\CYANCO~1\AppData\Local\Temp\tmpv5jkds9w\backups\ren_memory_backup_20260815_062344.db
[2026-08-15 06:23:44] [WARNING] [ren.memory]: Initiating database recovery protocol...
[2026-08-15 06:23:44] [INFO] [ren.memory]: Restored database from backup C:\Users\CYANCO~1\AppData\Local\Temp\tmpv5jkds9w\backups\ren_memory_backup_20260815_062344.db
[2026-08-15 06:23:45] [INFO] [ren.memory]: Database backup saved to C:\Users\CYANCO~1\AppData\Local\Temp\tmppokropm2\backups\ren_memory_backup_20260815_062345.db
[2026-08-15 06:23:45] [INFO] [ren.memory]: Successfully migrated 12 items from D:\Coding projects\REN-AI-main (1)\REN-AI-main\memory.json into SQLite.
[2026-08-15 06:23:45] [INFO] [ren.memory]: Database backup saved to C:\Users\CYANCO~1\AppData\Local\Temp\tmpmtismgdo\backups\ren_memory_backup_20260815_062345.db
[2026-08-15 06:23:45] [INFO] [ren.memory]: Successfully migrated 12 items from D:\Coding projects\REN-AI-main (1)\REN-AI-main\memory.json into SQLite.
[2026-08-15 06:23:46] [INFO] [ren.memory]: Database backup saved to C:\Users\CYANCO~1\AppData\Local\Temp\tmp4t1qcu98\backups\ren_memory_backup_20260815_062346.db
[2026-08-15 06:23:46] [INFO] [ren.memory]: Successfully migrated 12 items from D:\Coding projects\REN-AI-main (1)\REN-AI-main\memory.json into SQLite.
[2026-08-15 06:23:46] [INFO] [ren.memory]: Database backup saved to C:\Users\CYANCO~1\AppData\Local\Temp\tmpxvaogj5n\backups\ren_memory_backup_20260815_062346.db
[2026-08-15 06:23:46] [INFO] [ren.memory]: Successfully migrated 12 items from D:\Coding projects\REN-AI-main (1)\REN-AI-main\memory.json into SQLite.
[2026-08-15 06:54:37] [INFO] [ren.memory]: Database backup saved to C:\Users\CYANCO~1\AppData\Local\Temp\tmpnooh_jr2\backups\ren_memory_backup_20260815_065437.db
[2026-08-15 06:54:37] [INFO] [ren.memory]: Successfully migrated 12 items from D:\Coding projects\REN-AI-main (1)\REN-AI-main\memory.json into SQLite.
[2026-08-15 06:54:37] [INFO] [ren.memory]: Database backup saved to C:\Users\CYANCO~1\AppData\Local\Temp\tmpnooh_jr2\backups\ren_memory_backup_20260815_065437.db
[2026-08-15 06:54:37] [WARNING] [ren.memory]: Initiating database recovery protocol...
[2026-08-15 06:54:37] [INFO] [ren.memory]: Restored database from backup C:\Users\CYANCO~1\AppData\Local\Temp\tmpnooh_jr2\backups\ren_memory_backup_20260815_065437.db
[2026-08-15 06:54:37] [INFO] [ren.memory]: Database backup saved to C:\Users\CYANCO~1\AppData\Local\Temp\tmpnqq2h6e8\backups\ren_memory_backup_20260815_065437.db
[2026-08-15 06:54:37] [INFO] [ren.memory]: Successfully migrated 12 items from D:\Coding projects\REN-AI-main (1)\REN-AI-main\memory.json into SQLite.
[2026-08-15 06:54:38] [INFO] [ren.memory]: Database backup saved to C:\Users\CYANCO~1\AppData\Local\Temp\tmpbbct3wg_\backups\ren_memory_backup_20260815_065438.db
[2026-08-15 06:54:38] [INFO] [ren.memory]: Successfully migrated 12 items from D:\Coding projects\REN-AI-main (1)\REN-AI-main\memory.json into SQLite.
[2026-08-15 06:54:38] [INFO] [ren.memory]: Database backup saved to C:\Users\CYANCO~1\AppData\Local\Temp\tmpz7hjdyxw\backups\ren_memory_backup_20260815_065438.db
[2026-08-15 06:54:38] [INFO] [ren.memory]: Successfully migrated 12 items from D:\Coding projects\REN-AI-main (1)\REN-AI-main\memory.json into SQLite.
[2026-08-15 06:54:39] [INFO] [ren.memory]: Database backup saved to C:\Users\CYANCO~1\AppData\Local\Temp\tmp5gvt2nct\backups\ren_memory_backup_20260815_065439.db
[2026-08-15 06:54:39] [INFO] [ren.memory]: Successfully migrated 12 items from D:\Coding projects\REN-AI-main (1)\REN-AI-main\memory.json into SQLite.
[2026-08-15 06:58:23] [INFO] [ren.memory]: Storing memory fact [maintenance]: Cleaned Downloads folder: Organized 11 files into categories...
[2026-08-20 02:35:58] [INFO] [ren.memory]: Storing memory fact [maintenance]: Cleaned Downloads folder: Organized 1 files into categories....
[2026-08-20 03:07:25] [INFO] [ren.memory]: Storing memory fact [maintenance]: Cleaned Downloads folder: Organized 0 files into categories....
[2026-08-22 00:33:58] [WARNING] [ren.memory]: Initiating database recovery protocol...
[2026-08-22 00:33:58] [WARNING] [ren.memory]: Initiating database recovery protocol...
[2026-08-22 00:33:58] [WARNING] [ren.memory]: Initiating database recovery protocol...
[2026-08-22 00:33:58] [WARNING] [ren.memory]: Initiating database recovery protocol...
[2026-08-22 00:33:58] [WARNING] [ren.memory]: Initiating database recovery protocol...
[2026-08-22 00:33:58] [WARNING] [ren.memory]: Initiating database recovery protocol...
[2026-08-22 00:33:58] [WARNING] [ren.memory]: Initiating database recovery protocol...
[2026-08-22 00:33:58] [WARNING] [ren.memory]: Initiating database recovery protocol...
[2026-08-22 00:33:58] [WARNING] [ren.memory]: Initiating database recovery protocol...
[2026-08-22 00:33:58] [WARNING] [ren.memory]: Initiating database recovery protocol...
[2026-08-22 00:33:58] [WARNING] [ren.memory]: Initiating database recovery protocol...
[2026-08-22 00:33:58] [WARNING] [ren.memory]: Initiating database recovery protocol...
[2026-08-22 00:33:58] [WARNING] [ren.memory]: Initiating database recovery protocol...
[2026-08-22 00:33:58] [WARNING] [ren.memory]: Initiating database recovery protocol...
[2026-08-22 00:33:58] [WARNING] [ren.memory]: Initiating database recovery protocol...
[2026-08-22 00:33:58] [WARNING] [ren.memory]: Initiating database recovery protocol...
[2026-08-22 00:33:58] [WARNING] [ren.memory]: Initiating database recovery protocol...
[2026-08-22 00:33:58] [WARNING] [ren.memory]: Initiating database recovery protocol...
[2026-08-22 00:33:58] [WARNING] [ren.memory]: Initiating database recovery protocol...
[2026-08-22 00:33:58] [WARNING] [ren.memory]: Initiating database recovery protocol...
[2026-08-22 00:33:58] [WARNING] [ren.memory]: Initiating database recovery protocol...
[2026-08-22 00:33:58] [WARNING] [ren.memory]: Initiating database recovery protocol...
[2026-08-22 00:33:58] [WARNING] [ren.memory]: Initiating database recovery protocol...
[2026-08-22 00:33:58] [WARNING] [ren.memory]: Initiating database recovery protocol...
[2026-08-22 00:33:58] [WARNING] [ren.memory]: Initiating database recovery protocol...
[2026-08-22 00:33:58] [WARNING] [ren.memory]: Initiating database recovery protocol...
[2026-08-22 00:33:58] [WARNING] [ren.memory]: Initiating database recovery protocol...
[2026-08-22 00:33:58] [WARNING] [ren.memory]: Initiating database recovery protocol...
[2026-08-22 00:33:58] [WARNING] [ren.memory]: Initiating database recovery protocol...
[2026-08-22 00:33:58] [WARNING] [ren.memory]: Initiating database recovery protocol...
[2026-08-22 00:33:58] [WARNING] [ren.memory]: Initiating database recovery protocol...
[2026-08-22 00:33:58] [WARNING] [ren.memory]: Initiating database recovery protocol...
[2026-08-22 00:33:58] [WARNING] [ren.memory]: Initiating database recovery protocol...
[2026-08-22 00:33:58] [WARNING] [ren.memory]: Initiating database recovery protocol...
[2026-08-22 00:33:58] [WARNING] [ren.memory]: Initiating database recovery protocol...
[2026-08-22 00:33:58] [WARNING] [ren.memory]: Initiating database recovery protocol...
[2026-08-22 00:33:58] [WARNING] [ren.memory]: Initiating database recovery protocol...
[2026-08-22 00:33:58] [WARNING] [ren.memory]: Initiating database recovery protocol...
[2026-08-22 00:33:58] [WARNING] [ren.memory]: Initiating database recovery protocol...
[2026-08-22 00:33:58] [WARNING] [ren.memory]: Initiating database recovery protocol...
[2026-08-22 00:33:58] [WARNING] [ren.memory]: Initiating database recovery protocol...
[2026-08-22 00:33:58] [WARNING] [ren.memory]: Initiating database recovery protocol...
[2026-08-22 00:33:58] [WARNING] [ren.memory]: Initiating database recovery protocol...
[2026-08-22 00:33:58] [WARNING] [ren.memory]: Initiating database recovery protocol...
[2026-08-22 00:33:58] [WARNING] [ren.memory]: Initiating database recovery protocol...
[2026-08-22 00:33:58] [WARNING] [ren.memory]: Initiating database recovery protocol...
[2026-08-22 00:33:58] [WARNING] [ren.memory]: Initiating database recovery protocol...
[2026-08-22 00:33:58] [WARNING] [ren.memory]: Initiating database recovery protocol...
[2026-08-22 00:33:58] [WARNING] [ren.memory]: Initiating database recovery protocol...
[2026-08-22 00:33:58] [WARNING] [ren.memory]: Initiating database recovery protocol...
[2026-08-22 00:33:58] [WARNING] [ren.memory]: Initiating database recovery protocol...
[2026-08-22 00:33:58] [WARNING] [ren.memory]: Initiating database recovery protocol...
[2026-08-22 00:33:58] [WARNING] [ren.memory]: Initiating database recovery protocol...
[2026-08-22 00:33:58] [WARNING] [ren.memory]: Initiating database recovery protocol...
[2026-08-22 00:33:58] [WARNING] [ren.memory]: Initiating database recovery protocol...
[2026-08-22 00:33:58] [WARNING] [ren.memory]: Initiating database recovery protocol...
[2026-08-22 00:33:58] [WARNING] [ren.memory]: Initiating database recovery protocol...
[2026-08-22 00:33:58] [WARNING] [ren.memory]: Initiating database recovery protocol...
[2026-08-22 00:33:58] [WARNING] [ren.memory]: Initiating database recovery protocol...
[2026-08-22 00:33:58] [WARNING] [ren.memory]: Initiating database recovery protocol...
[2026-08-22 00:33:58] [WARNING] [ren.memory]: Initiating database recovery protocol...
[2026-08-22 00:33:58] [WARNING] [ren.memory]: Initiating database recovery protocol...
[2026-08-22 00:33:58] [WARNING] [ren.memory]: Initiating database recovery protocol...
[2026-08-22 00:33:58] [WARNING] [ren.memory]: Initiating database recovery protocol...
[2026-08-22 00:33:58] [WARNING] [ren.memory]: Initiating database recovery protocol...
[2026-08-22 00:33:58] [WARNING] [ren.memory]: Initiating database recovery protocol...
[2026-08-22 00:33:58] [WARNING] [ren.memory]: Initiating database recovery protocol...
[2026-08-22 00:33:58] [WARNING] [ren.memory]: Initiating database recovery protocol...
[2026-08-22 00:33:58] [WARNING] [ren.memory]: Initiating database recovery protocol...
[2026-08-22 00:33:58] [WARNING] [ren.memory]: Initiating database recovery protocol...
[2026-08-22 00:33:58] [WARNING] [ren.memory]: Initiating database recovery protocol...
[2026-08-22 00:33:58] [WARNING] [ren.memory]: Initiating database recovery protocol...
[2026-08-22 00:33:58] [WARNING] [ren.memory]: Initiating database recovery protocol...
[2026-08-22 00:33:58] [WARNING] [ren.memory]: Initiating database recovery protocol...
[2026-08-22 00:33:58] [WARNING] [ren.memory]: Initiating database recovery protocol...
[2026-08-22 00:33:58] [WARNING] [ren.memory]: Initiating database recovery protocol...
[2026-08-22 00:33:58] [WARNING] [ren.memory]: Initiating database recovery protocol...
[2026-08-22 00:33:58] [WARNING] [ren.memory]: Initiating database recovery protocol...
[2026-08-22 00:33:58] [WARNING] [ren.memory]: Initiating database recovery protocol...
[2026-08-22 00:33:58] [WARNING] [ren.memory]: Initiating database recovery protocol...
[2026-08-22 00:33:58] [WARNING] [ren.memory]: Initiating database recovery protocol...
[2026-08-22 00:33:58] [WARNING] [ren.memory]: Initiating database recovery protocol...
[2026-08-22 00:33:58] [WARNING] [ren.memory]: Initiating database recovery protocol...
[2026-08-22 00:33:58] [WARNING] [ren.memory]: Initiating database recovery protocol...
[2026-08-22 00:33:58] [WARNING] [ren.memory]: Initiating database recovery protocol...
[2026-08-22 00:33:58] [WARNING] [ren.memory]: Initiating database recovery protocol...
[2026-08-22 00:33:58] [WARNING] [ren.memory]: Initiating database recovery protocol...
[2026-08-22 00:33:58] [WARNING] [ren.memory]: Initiating database recovery protocol...
[2026-08-22 00:33:58] [WARNING] [ren.memory]: Initiating database recovery protocol...
[2026-08-22 00:33:58] [WARNING] [ren.memory]: Initiating database recovery protocol...
[2026-08-22 00:33:58] [WARNING] [ren.memory]: Initiating database recovery protocol...
[2026-08-22 00:33:58] [WARNING] [ren.memory]: Initiating database recovery protocol...
[2026-08-22 00:33:58] [WARNING] [ren.memory]: Initiating database recovery protocol...
[2026-08-22 00:33:58] [WARNING] [ren.memory]: Initiating database recovery protocol...
[2026-08-22 00:33:58] [WARNING] [ren.memory]: Initiating database recovery protocol...
[2026-08-22 00:33:58] [WARNING] [ren.memory]: Initiating database recovery protocol...
[2026-08-22 00:33:58] [WARNING] [ren.memory]: Initiating database recovery protocol...
[2026-08-22 00:33:58] [WARNING] [ren.memory]: Initiating database recovery protocol...
[2026-08-22 00:33:59] [WARNING] [ren.memory]: Initiating database recovery protocol...
[2026-08-22 00:33:59] [WARNING] [ren.memory]: Initiating database recovery protocol...
[2026-08-22 00:33:59] [WARNING] [ren.memory]: Initiating database recovery protocol...
[2026-08-22 00:33:59] [WARNING] [ren.memory]: Initiating database recovery protocol...
[2026-08-22 00:33:59] [WARNING] [ren.memory]: Initiating database recovery protocol...
[2026-08-22 00:33:59] [WARNING] [ren.memory]: Initiating database recovery protocol...
[2026-08-22 00:33:59] [WARNING] [ren.memory]: Initiating database recovery protocol...
[2026-08-22 00:33:59] [WARNING] [ren.memory]: Initiating database recovery protocol...
[2026-08-22 00:33:59] [WARNING] [ren.memory]: Initiating database recovery protocol...
[2026-08-22 00:33:59] [WARNING] [ren.memory]: Initiating database recovery protocol...
[2026-08-22 00:33:59] [WARNING] [ren.memory]: Initiating database recovery protocol...
[2026-08-22 00:33:59] [WARNING] [ren.memory]: Initiating database recovery protocol...
[2026-08-22 00:33:59] [WARNING] [ren.memory]: Initiating database recovery protocol...
[2026-08-22 00:33:59] [WARNING] [ren.memory]: Initiating database recovery protocol...
[2026-08-22 00:33:59] [WARNING] [ren.memory]: Initiating database recovery protocol...
[2026-08-22 00:33:59] [WARNING] [ren.memory]: Initiating database recovery protocol...
[2026-08-22 00:33:59] [WARNING] [ren.memory]: Initiating database recovery protocol...
[2026-08-22 00:33:59] [WARNING] [ren.memory]: Initiating database recovery protocol...
[2026-08-22 00:33:59] [WARNING] [ren.memory]: Initiating database recovery protocol...
[2026-08-22 00:33:59] [WARNING] [ren.memory]: Initiating database recovery protocol...
[2026-08-22 00:33:59] [WARNING] [ren.memory]: Initiating database recovery protocol...
[2026-08-22 00:33:59] [WARNING] [ren.memory]: Initiating database recovery protocol...
[2026-08-22 00:33:59] [WARNING] [ren.memory]: Initiating database recovery protocol...
[2026-08-22 00:33:59] [WARNING] [ren.memory]: Initiating database recovery protocol...
[2026-08-22 00:33:59] [WARNING] [ren.memory]: Initiating database recovery protocol...
[2026-08-22 00:33:59] [WARNING] [ren.memory]: Initiating database recovery protocol...
[2026-08-22 00:33:59] [WARNING] [ren.memory]: Initiating database recovery protocol...
[2026-08-22 00:33:59] [WARNING] [ren.memory]: Initiating database recovery protocol...
[2026-08-22 00:33:59] [WARNING] [ren.memory]: Initiating database recovery protocol...
[2026-08-22 00:33:59] [WARNING] [ren.memory]: Initiating database recovery protocol...
[2026-08-22 00:33:59] [WARNING] [ren.memory]: Initiating database recovery protocol...
[2026-08-22 00:33:59] [WARNING] [ren.memory]: Initiating database recovery protocol...
[2026-08-22 00:33:59] [WARNING] [ren.memory]: Initiating database recovery protocol...
[2026-08-22 00:33:59] [WARNING] [ren.memory]: Initiating database recovery protocol...
[2026-08-22 00:33:59] [WARNING] [ren.memory]: Initiating database recovery protocol...
[2026-08-22 00:33:59] [WARNING] [ren.memory]: Initiating database recovery protocol...
[2026-08-22 00:33:59] [WARNING] [ren.memory]: Initiating database recovery protocol...
[2026-08-22 00:33:59] [WARNING] [ren.memory]: Initiating database recovery protocol...
[2026-08-22 00:33:59] [WARNING] [ren.memory]: Initiating database recovery protocol...
[2026-08-22 00:33:59] [WARNING] [ren.memory]: Initiating database recovery protocol...
[2026-08-22 00:33:59] [WARNING] [ren.memory]: Initiating database recovery protocol...
[2026-08-22 00:33:59] [WARNING] [ren.memory]: Initiating database recovery protocol...
[2026-08-22 00:33:59] [WARNING] [ren.memory]: Initiating database recovery protocol...
[2026-08-22 00:33:59] [WARNING] [ren.memory]: Initiating database recovery protocol...
[2026-08-22 00:33:59] [WARNING] [ren.memory]: Initiating database recovery protocol...
[2026-08-22 00:33:59] [WARNING] [ren.memory]: Initiating database recovery protocol...
[2026-08-22 00:33:59] [WARNING] [ren.memory]: Initiating database recovery protocol...
[2026-08-22 00:33:59] [WARNING] [ren.memory]: Initiating database recovery protocol...
[2026-08-22 00:33:59] [WARNING] [ren.memory]: Initiating database recovery protocol...
[2026-08-22 00:33:59] [WARNING] [ren.memory]: Initiating database recovery protocol...
[2026-08-22 00:33:59] [WARNING] [ren.memory]: Initiating database recovery protocol...
[2026-08-22 00:33:59] [WARNING] [ren.memory]: Initiating database recovery protocol...
[2026-08-22 00:33:59] [WARNING] [ren.memory]: Initiating database recovery protocol...
[2026-08-22 00:33:59] [WARNING] [ren.memory]: Initiating database recovery protocol...
[2026-08-22 00:33:59] [WARNING] [ren.memory]: Initiating database recovery protocol...
[2026-08-22 00:33:59] [WARNING] [ren.memory]: Initiating database recovery protocol...
[2026-08-22 00:33:59] [WARNING] [ren.memory]: Initiating database recovery protocol...
[2026-08-22 00:33:59] [WARNING] [ren.memory]: Initiating database recovery protocol...
[2026-08-22 00:33:59] [WARNING] [ren.memory]: Initiating database recovery protocol...
[2026-08-22 00:33:59] [WARNING] [ren.memory]: Initiating database recovery protocol...
[2026-08-22 00:33:59] [WARNING] [ren.memory]: Initiating database recovery protocol...
[2026-08-22 00:33:59] [WARNING] [ren.memory]: Initiating database recovery protocol...
[2026-08-22 00:33:59] [WARNING] [ren.memory]: Initiating database recovery protocol...
[2026-08-22 00:33:59] [WARNING] [ren.memory]: Initiating database recovery protocol...
[2026-08-22 00:33:59] [WARNING] [ren.memory]: Initiating database recovery protocol...
[2026-08-22 00:33:59] [WARNING] [ren.memory]: Initiating database recovery protocol...
[2026-08-22 00:33:59] [WARNING] [ren.memory]: Initiating database recovery protocol...
[2026-08-22 00:33:59] [WARNING] [ren.memory]: Initiating database recovery protocol...
[2026-08-22 00:33:59] [WARNING] [ren.memory]: Initiating database recovery protocol...
[2026-08-22 00:33:59] [WARNING] [ren.memory]: Initiating database recovery protocol...
[2026-08-22 00:33:59] [WARNING] [ren.memory]: Initiating database recovery protocol...
[2026-08-22 00:33:59] [WARNING] [ren.memory]: Initiating database recovery protocol...
[2026-08-22 00:33:59] [WARNING] [ren.memory]: Initiating database recovery protocol...
[2026-08-22 00:33:59] [WARNING] [ren.memory]: Initiating database recovery protocol...
[2026-08-22 00:33:59] [WARNING] [ren.memory]: Initiating database recovery protocol...
[2026-08-22 00:33:59] [WARNING] [ren.memory]: Initiating database recovery protocol...
[2026-08-22 00:33:59] [WARNING] [ren.memory]: Initiating database recovery protocol...
[2026-08-22 00:33:59] [WARNING] [ren.memory]: Initiating database recovery protocol...
[2026-08-22 00:33:59] [WARNING] [ren.memory]: Initiating database recovery protocol...
[2026-08-22 00:33:59] [WARNING] [ren.memory]: Initiating database recovery protocol...
[2026-08-22 00:33:59] [WARNING] [ren.memory]: Initiating database recovery protocol...
[2026-08-22 00:33:59] [WARNING] [ren.memory]: Initiating database recovery protocol...
[2026-08-22 00:33:59] [WARNING] [ren.memory]: Initiating database recovery protocol...
[2026-08-22 00:33:59] [WARNING] [ren.memory]: Initiating database recovery protocol...
[2026-08-22 00:33:59] [WARNING] [ren.memory]: Initiating database recovery protocol...
[2026-08-22 00:33:59] [WARNING] [ren.memory]: Initiating database recovery protocol...
[2026-08-22 00:33:59] [WARNING] [ren.memory]: Initiating database recovery protocol...
[2026-08-22 00:33:59] [WARNING] [ren.memory]: Initiating database recovery protocol...
[2026-08-22 00:33:59] [WARNING] [ren.memory]: Initiating database recovery protocol...
[2026-08-22 00:33:59] [WARNING] [ren.memory]: Initiating database recovery protocol...
[2026-08-22 00:33:59] [WARNING] [ren.memory]: Initiating database recovery protocol...
[2026-08-22 00:33:59] [WARNING] [ren.memory]: Initiating database recovery protocol...
[2026-08-22 00:33:59] [WARNING] [ren.memory]: Initiating database recovery protocol...
[2026-08-22 00:33:59] [WARNING] [ren.memory]: Initiating database recovery protocol...
[2026-08-22 00:33:59] [WARNING] [ren.memory]: Initiating database recovery protocol...
[2026-08-22 00:33:59] [WARNING] [ren.memory]: Initiating database recovery protocol...
[2026-08-22 00:33:59] [WARNING] [ren.memory]: Initiating database recovery protocol...
[2026-08-22 00:33:59] [WARNING] [ren.memory]: Initiating database recovery protocol...
[2026-08-22 00:33:59] [WARNING] [ren.memory]: Initiating database recovery protocol...
[2026-08-22 00:33:59] [WARNING] [ren.memory]: Initiating database recovery protocol...
[2026-08-22 00:33:59] [WARNING] [ren.memory]: Initiating database recovery protocol...
[2026-08-22 00:33:59] [WARNING] [ren.memory]: Initiating database recovery protocol...
[2026-08-22 00:33:59] [WARNING] [ren.memory]: Initiating database recovery protocol...
[2026-08-22 00:33:59] [WARNING] [ren.memory]: Initiating database recovery protocol...
[2026-08-22 00:33:59] [WARNING] [ren.memory]: Initiating database recovery protocol...
[2026-08-22 00:33:59] [WARNING] [ren.memory]: Initiating database recovery protocol...
[2026-08-22 00:33:59] [WARNING] [ren.memory]: Initiating database recovery protocol...
[2026-08-22 00:33:59] [WARNING] [ren.memory]: Initiating database recovery protocol...
[2026-08-22 00:33:59] [WARNING] [ren.memory]: Initiating database recovery protocol...
[2026-08-22 00:33:59] [WARNING] [ren.memory]: Initiating database recovery protocol...
[2026-08-22 00:33:59] [WARNING] [ren.memory]: Initiating database recovery protocol...
[2026-08-22 00:33:59] [WARNING] [ren.memory]: Initiating database recovery protocol...
[2026-08-22 00:33:59] [WARNING] [ren.memory]: Initiating database recovery protocol...
[2026-08-22 00:33:59] [WARNING] [ren.memory]: Initiating database recovery protocol...
[2026-08-22 00:33:59] [WARNING] [ren.memory]: Initiating database recovery protocol...
[2026-08-22 00:33:59] [WARNING] [ren.memory]: Initiating database recovery protocol...
[2026-08-22 00:33:59] [WARNING] [ren.memory]: Initiating database recovery protocol...
[2026-08-22 00:33:59] [WARNING] [ren.memory]: Initiating database recovery protocol...
[2026-08-22 00:33:59] [WARNING] [ren.memory]: Initiating database recovery protocol...
[2026-08-22 00:33:59] [WARNING] [ren.memory]: Initiating database recovery protocol...
[2026-08-22 00:33:59] [WARNING] [ren.memory]: Initiating database recovery protocol...
[2026-08-22 00:33:59] [WARNING] [ren.memory]: Initiating database recovery protocol...
[2026-08-22 00:33:59] [WARNING] [ren.memory]: Initiating database recovery protocol...
[2026-08-22 00:33:59] [WARNING] [ren.memory]: Initiating database recovery protocol...
[2026-08-22 00:33:59] [WARNING] [ren.memory]: Initiating database recovery protocol...
[2026-08-22 00:33:59] [WARNING] [ren.memory]: Initiating database recovery protocol...
[2026-08-22 00:33:59] [WARNING] [ren.memory]: Initiating database recovery protocol...
[2026-08-22 00:33:59] [WARNING] [ren.memory]: Initiating database recovery protocol...
[2026-08-22 00:33:59] [WARNING] [ren.memory]: Initiating database recovery protocol...
[2026-08-22 00:33:59] [WARNING] [ren.memory]: Initiating database recovery protocol...
[2026-08-22 00:33:59] [WARNING] [ren.memory]: Initiating database recovery protocol...
[2026-08-22 00:33:59] [WARNING] [ren.memory]: Initiating database recovery protocol...
[2026-08-22 00:33:59] [WARNING] [ren.memory]: Initiating database recovery protocol...
[2026-08-22 00:33:59] [WARNING] [ren.memory]: Initiating database recovery protocol...
[2026-08-22 00:33:59] [WARNING] [ren.memory]: Initiating database recovery protocol...
[2026-08-22 00:33:59] [WARNING] [ren.memory]: Initiating database recovery protocol...
[2026-08-22 00:33:59] [WARNING] [ren.memory]: Initiating database recovery protocol...
[2026-08-22 00:33:59] [WARNING] [ren.memory]: Initiating database recovery protocol...
[2026-08-22 00:33:59] [WARNING] [ren.memory]: Initiating database recovery protocol...
[2026-08-22 00:33:59] [WARNING] [ren.memory]: Initiating database recovery protocol...
[2026-08-22 00:33:59] [WARNING] [ren.memory]: Initiating database recovery protocol...
[2026-08-22 00:33:59] [WARNING] [ren.memory]: Initiating database recovery protocol...
[2026-08-22 00:33:59] [WARNING] [ren.memory]: Initiating database recovery protocol...
[2026-08-22 00:33:59] [WARNING] [ren.memory]: Initiating database recovery protocol...
[2026-08-22 00:33:59] [WARNING] [ren.memory]: Initiating database recovery protocol...
[2026-08-22 00:33:59] [WARNING] [ren.memory]: Initiating database recovery protocol...
[2026-08-22 00:33:59] [WARNING] [ren.memory]: Initiating database recovery protocol...
[2026-08-22 00:33:59] [WARNING] [ren.memory]: Initiating database recovery protocol...
[2026-08-22 00:33:59] [WARNING] [ren.memory]: Initiating database recovery protocol...
[2026-08-22 00:33:59] [WARNING] [ren.memory]: Initiating database recovery protocol...
[2026-08-22 00:34:00] [WARNING] [ren.memory]: Initiating database recovery protocol...
[2026-08-22 00:34:00] [WARNING] [ren.memory]: Initiating database recovery protocol...
[2026-08-22 00:34:00] [WARNING] [ren.memory]: Initiating database recovery protocol...
[2026-08-22 00:34:00] [WARNING] [ren.memory]: Initiating database recovery protocol...
[2026-08-22 00:34:00] [WARNING] [ren.memory]: Initiating database recovery protocol...
[2026-08-22 00:34:00] [WARNING] [ren.memory]: Initiating database recovery protocol...
[2026-08-22 00:34:00] [WARNING] [ren.memory]: Initiating database recovery protocol...
[2026-08-22 00:34:00] [WARNING] [ren.memory]: Initiating database recovery protocol...
[2026-08-22 00:34:00] [WARNING] [ren.memory]: Initiating database recovery protocol...
[2026-08-22 00:34:00] [WARNING] [ren.memory]: Initiating database recovery protocol...
[2026-08-22 00:34:00] [WARNING] [ren.memory]: Initiating database recovery protocol...
[2026-08-22 00:34:00] [WARNING] [ren.memory]: Initiating database recovery protocol...
[2026-08-22 00:34:00] [WARNING] [ren.memory]: Initiating database recovery protocol...
[2026-08-22 00:34:00] [WARNING] [ren.memory]: Initiating database recovery protocol...
[2026-08-22 00:34:00] [WARNING] [ren.memory]: Initiating database recovery protocol...
[2026-08-22 00:34:00] [WARNING] [ren.memory]: Initiating database recovery protocol...
[2026-08-22 00:34:00] [WARNING] [ren.memory]: Initiating database recovery protocol...
[2026-08-22 00:34:00] [WARNING] [ren.memory]: Initiating database recovery protocol...
[2026-08-22 00:34:00] [WARNING] [ren.memory]: Initiating database recovery protocol...
[2026-08-22 00:34:00] [WARNING] [ren.memory]: Initiating database recovery protocol...
[2026-08-22 00:34:00] [WARNING] [ren.memory]: Initiating database recovery protocol...
[2026-08-22 00:34:00] [WARNING] [ren.memory]: Initiating database recovery protocol...
[2026-08-22 00:34:00] [WARNING] [ren.memory]: Initiating database recovery protocol...
[2026-08-22 00:34:00] [WARNING] [ren.memory]: Initiating database recovery protocol...
[2026-08-22 00:34:00] [WARNING] [ren.memory]: Initiating database recovery protocol...
[2026-08-22 00:34:00] [WARNING] [ren.memory]: Initiating database recovery protocol...
[2026-08-22 00:34:00] [WARNING] [ren.memory]: Initiating database recovery protocol...
[2026-08-22 00:34:00] [WARNING] [ren.memory]: Initiating database recovery protocol...
[2026-08-22 00:34:00] [WARNING] [ren.memory]: Initiating database recovery protocol...
[2026-08-22 00:34:00] [WARNING] [ren.memory]: Initiating database recovery protocol...
[2026-08-22 00:34:00] [WARNING] [ren.memory]: Initiating database recovery protocol...
[2026-08-22 00:34:00] [WARNING] [ren.memory]: Initiating database recovery protocol...
[2026-08-22 00:34:00] [WARNING] [ren.memory]: Initiating database recovery protocol...
[2026-08-22 00:34:00] [WARNING] [ren.memory]: Initiating database recovery protocol...
[2026-08-22 00:34:00] [WARNING] [ren.memory]: Initiating database recovery protocol...
[2026-08-22 00:34:00] [WARNING] [ren.memory]: Initiating database recovery protocol...
[2026-08-22 00:34:00] [WARNING] [ren.memory]: Initiating database recovery protocol...
[2026-08-22 00:34:00] [WARNING] [ren.memory]: Initiating database recovery protocol...
[2026-08-22 00:34:00] [WARNING] [ren.memory]: Initiating database recovery protocol...
[2026-08-22 00:34:00] [WARNING] [ren.memory]: Initiating database recovery protocol...
[2026-08-22 00:34:00] [WARNING] [ren.memory]: Initiating database recovery protocol...
[2026-08-22 00:34:00] [WARNING] [ren.memory]: Initiating database recovery protocol...
[2026-08-22 00:34:00] [WARNING] [ren.memory]: Initiating database recovery protocol...
[2026-08-22 00:34:00] [WARNING] [ren.memory]: Initiating database recovery protocol...
[2026-08-22 00:34:00] [WARNING] [ren.memory]: Initiating database recovery protocol...
[2026-08-22 00:34:00] [WARNING] [ren.memory]: Initiating database recovery protocol...
[2026-08-22 00:34:00] [WARNING] [ren.memory]: Initiating database recovery protocol...
[2026-08-22 00:34:00] [WARNING] [ren.memory]: Initiating database recovery protocol...
[2026-08-22 00:34:00] [WARNING] [ren.memory]: Initiating database recovery protocol...
[2026-08-22 00:34:00] [WARNING] [ren.memory]: Initiating database recovery protocol...
[2026-08-22 00:34:00] [WARNING] [ren.memory]: Initiating database recovery protocol...
[2026-08-22 00:34:00] [WARNING] [ren.memory]: Initiating database recovery protocol...
[2026-08-22 00:34:00] [WARNING] [ren.memory]: Initiating database recovery protocol...
[2026-08-22 00:34:00] [WARNING] [ren.memory]: Initiating database recovery protocol...
[2026-08-22 00:34:00] [WARNING] [ren.memory]: Initiating database recovery protocol...
[2026-08-22 00:34:00] [WARNING] [ren.memory]: Initiating database recovery protocol...
[2026-08-22 00:34:00] [WARNING] [ren.memory]: Initiating database recovery protocol...
[2026-08-22 00:34:00] [WARNING] [ren.memory]: Initiating database recovery protocol...
[2026-08-22 00:34:00] [WARNING] [ren.memory]: Initiating database recovery protocol...
[2026-08-22 00:34:00] [WARNING] [ren.memory]: Initiating database recovery protocol...
[2026-08-22 00:34:00] [WARNING] [ren.memory]: Initiating database recovery protocol...
[2026-08-22 00:34:00] [WARNING] [ren.memory]: Initiating database recovery protocol...
[2026-08-22 00:34:00] [WARNING] [ren.memory]: Initiating database recovery protocol...
[2026-08-22 00:34:00] [WARNING] [ren.memory]: Initiating database recovery protocol...
[2026-08-22 00:34:00] [WARNING] [ren.memory]: Initiating database recovery protocol...
[2026-08-22 00:34:00] [WARNING] [ren.memory]: Initiating database recovery protocol...
[2026-08-22 00:34:00] [WARNING] [ren.memory]: Initiating database recovery protocol...
[2026-08-22 00:34:00] [WARNING] [ren.memory]: Initiating database recovery protocol...
[2026-08-22 00:34:00] [WARNING] [ren.memory]: Initiating database recovery protocol...
[2026-08-22 00:34:00] [WARNING] [ren.memory]: Initiating database recovery protocol...
[2026-08-22 00:34:00] [WARNING] [ren.memory]: Initiating database recovery protocol...
[2026-08-22 00:34:00] [WARNING] [ren.memory]: Initiating database recovery protocol...
[2026-08-22 00:34:00] [WARNING] [ren.memory]: Initiating database recovery protocol...
[2026-08-22 00:34:00] [WARNING] [ren.memory]: Initiating database recovery protocol...
[2026-08-22 00:34:00] [WARNING] [ren.memory]: Initiating database recovery protocol...
[2026-08-22 00:34:00] [WARNING] [ren.memory]: Initiating database recovery protocol...
[2026-08-22 00:34:00] [WARNING] [ren.memory]: Initiating database recovery protocol...
[2026-08-22 00:34:00] [WARNING] [ren.memory]: Initiating database recovery protocol...
[2026-08-22 00:34:00] [WARNING] [ren.memory]: Initiating database recovery protocol...
[2026-08-22 00:34:00] [WARNING] [ren.memory]: Initiating database recovery protocol...
[2026-08-22 00:34:00] [WARNING] [ren.memory]: Initiating database recovery protocol...
[2026-08-22 00:34:00] [WARNING] [ren.memory]: Initiating database recovery protocol...
[2026-08-22 00:34:00] [WARNING] [ren.memory]: Initiating database recovery protocol...
[2026-08-22 00:34:00] [WARNING] [ren.memory]: Initiating database recovery protocol...
[2026-08-22 00:34:00] [WARNING] [ren.memory]: Initiating database recovery protocol...
[2026-08-22 00:34:00] [WARNING] [ren.memory]: Initiating database recovery protocol...
[2026-08-22 00:34:00] [WARNING] [ren.memory]: Initiating database recovery protocol...
[2026-08-22 00:34:00] [WARNING] [ren.memory]: Initiating database recovery protocol...
[2026-08-22 00:34:00] [WARNING] [ren.memory]: Initiating database recovery protocol...
[2026-08-22 00:34:00] [WARNING] [ren.memory]: Initiating database recovery protocol...
[2026-08-22 00:34:00] [WARNING] [ren.memory]: Initiating database recovery protocol...
[2026-08-22 00:34:00] [WARNING] [ren.memory]: Initiating database recovery protocol...
[2026-08-22 00:34:00] [WARNING] [ren.memory]: Initiating database recovery protocol...
[2026-08-22 00:34:00] [WARNING] [ren.memory]: Initiating database recovery protocol...
[2026-08-22 00:34:00] [WARNING] [ren.memory]: Initiating database recovery protocol...
[2026-08-22 00:34:00] [WARNING] [ren.memory]: Initiating database recovery protocol...
[2026-08-22 00:34:00] [WARNING] [ren.memory]: Initiating database recovery protocol...
[2026-08-22 00:34:00] [WARNING] [ren.memory]: Initiating database recovery protocol...
[2026-08-22 00:34:00] [WARNING] [ren.memory]: Initiating database recovery protocol...
[2026-08-22 00:34:00] [WARNING] [ren.memory]: Initiating database recovery protocol...
[2026-08-22 00:34:00] [WARNING] [ren.memory]: Initiating database recovery protocol...
[2026-08-22 00:34:00] [WARNING] [ren.memory]: Initiating database recovery protocol...
[2026-08-22 00:34:00] [WARNING] [ren.memory]: Initiating database recovery protocol...
[2026-08-22 00:34:00] [WARNING] [ren.memory]: Initiating database recovery protocol...
[2026-08-22 00:34:00] [WARNING] [ren.memory]: Initiating database recovery protocol...
[2026-08-22 00:34:00] [WARNING] [ren.memory]: Initiating database recovery protocol...
[2026-08-22 00:34:00] [WARNING] [ren.memory]: Initiating database recovery protocol...
[2026-08-22 00:34:00] [WARNING] [ren.memory]: Initiating database recovery protocol...
[2026-08-22 00:34:00] [WARNING] [ren.memory]: Initiating database recovery protocol...
[2026-08-22 00:34:00] [WARNING] [ren.memory]: Initiating database recovery protocol...
[2026-08-22 00:34:00] [WARNING] [ren.memory]: Initiating database recovery protocol...
[2026-08-22 00:34:00] [WARNING] [ren.memory]: Initiating database recovery protocol...
[2026-08-22 00:34:00] [WARNING] [ren.memory]: Initiating database recovery protocol...
[2026-08-22 00:34:00] [WARNING] [ren.memory]: Initiating database recovery protocol...
[2026-08-22 00:34:00] [WARNING] [ren.memory]: Initiating database recovery protocol...
[2026-08-22 00:34:00] [WARNING] [ren.memory]: Initiating database recovery protocol...
[2026-08-22 00:34:00] [WARNING] [ren.memory]: Initiating database recovery protocol...
[2026-08-22 00:34:00] [WARNING] [ren.memory]: Initiating database recovery protocol...
[2026-08-22 00:34:00] [WARNING] [ren.memory]: Initiating database recovery protocol...
[2026-08-22 00:34:00] [WARNING] [ren.memory]: Initiating database recovery protocol...
[2026-08-22 00:34:00] [WARNING] [ren.memory]: Initiating database recovery protocol...
[2026-08-22 00:34:00] [WARNING] [ren.memory]: Initiating database recovery protocol...
[2026-08-22 00:34:00] [WARNING] [ren.memory]: Initiating database recovery protocol...
[2026-08-22 00:34:00] [WARNING] [ren.memory]: Initiating database recovery protocol...
[2026-08-22 00:34:00] [WARNING] [ren.memory]: Initiating database recovery protocol...
[2026-08-22 00:34:00] [WARNING] [ren.memory]: Initiating database recovery protocol...
[2026-08-22 00:34:00] [WARNING] [ren.memory]: Initiating database recovery protocol...
[2026-08-22 00:34:00] [WARNING] [ren.memory]: Initiating database recovery protocol...
[2026-08-22 00:34:00] [WARNING] [ren.memory]: Initiating database recovery protocol...
[2026-08-22 00:34:00] [WARNING] [ren.memory]: Initiating database recovery protocol...
[2026-08-22 00:34:00] [WARNING] [ren.memory]: Initiating database recovery protocol...
[2026-08-22 00:34:00] [WARNING] [ren.memory]: Initiating database recovery protocol...
[2026-08-22 00:34:00] [WARNING] [ren.memory]: Initiating database recovery protocol...
[2026-08-22 00:34:00] [WARNING] [ren.memory]: Initiating database recovery protocol...
[2026-08-22 00:34:00] [WARNING] [ren.memory]: Initiating database recovery protocol...
[2026-08-22 00:34:00] [WARNING] [ren.memory]: Initiating database recovery protocol...
[2026-08-22 00:34:00] [WARNING] [ren.memory]: Initiating database recovery protocol...
[2026-08-22 00:34:00] [WARNING] [ren.memory]: Initiating database recovery protocol...
[2026-08-22 00:34:00] [WARNING] [ren.memory]: Initiating database recovery protocol...
[2026-08-22 00:34:00] [WARNING] [ren.memory]: Initiating database recovery protocol...
[2026-08-22 00:34:00] [WARNING] [ren.memory]: Initiating database recovery protocol...
[2026-08-22 00:34:00] [WARNING] [ren.memory]: Initiating database recovery protocol...
[2026-08-22 00:34:01] [WARNING] [ren.memory]: Initiating database recovery protocol...
[2026-08-22 00:34:01] [WARNING] [ren.memory]: Initiating database recovery protocol...
[2026-08-22 00:34:01] [WARNING] [ren.memory]: Initiating database recovery protocol...
[2026-08-22 00:34:01] [WARNING] [ren.memory]: Initiating database recovery protocol...
[2026-08-22 00:34:01] [WARNING] [ren.memory]: Initiating database recovery protocol...
[2026-08-22 00:34:01] [WARNING] [ren.memory]: Initiating database recovery protocol...
[2026-08-22 00:34:01] [WARNING] [ren.memory]: Initiating database recovery protocol...
[2026-08-22 00:34:01] [WARNING] [ren.memory]: Initiating database recovery protocol...
[2026-08-22 00:34:01] [WARNING] [ren.memory]: Initiating database recovery protocol...
[2026-08-22 00:34:01] [WARNING] [ren.memory]: Initiating database recovery protocol...
[2026-08-22 00:34:01] [WARNING] [ren.memory]: Initiating database recovery protocol...
[2026-08-22 00:34:01] [WARNING] [ren.memory]: Initiating database recovery protocol...
[2026-08-22 00:34:01] [WARNING] [ren.memory]: Initiating database recovery protocol...
[2026-08-22 00:34:01] [WARNING] [ren.memory]: Initiating database recovery protocol...
[2026-08-22 00:34:01] [WARNING] [ren.memory]: Initiating database recovery protocol...
[2026-08-22 00:34:01] [WARNING] [ren.memory]: Initiating database recovery protocol...
[2026-08-22 00:34:01] [WARNING] [ren.memory]: Initiating database recovery protocol...
[2026-08-22 00:34:01] [WARNING] [ren.memory]: Initiating database recovery protocol...
[2026-08-22 00:34:01] [WARNING] [ren.memory]: Initiating database recovery protocol...
[2026-08-22 00:34:01] [WARNING] [ren.memory]: Initiating database recovery protocol...
[2026-08-22 00:34:01] [WARNING] [ren.memory]: Initiating database recovery protocol...
[2026-08-22 00:34:01] [WARNING] [ren.memory]: Initiating database recovery protocol...
[2026-08-22 00:34:01] [WARNING] [ren.memory]: Initiating database recovery protocol...
[2026-08-22 00:34:01] [WARNING] [ren.memory]: Initiating database recovery protocol...
[2026-08-22 00:34:01] [WARNING] [ren.memory]: Initiating database recovery protocol...
[2026-08-22 00:34:01] [WARNING] [ren.memory]: Initiating database recovery protocol...
[2026-08-22 00:34:01] [WARNING] [ren.memory]: Initiating database recovery protocol...
[2026-08-22 00:34:01] [WARNING] [ren.memory]: Initiating database recovery protocol...
[2026-08-22 00:34:01] [WARNING] [ren.memory]: Initiating database recovery protocol...
[2026-08-22 00:34:01] [WARNING] [ren.memory]: Initiating database recovery protocol...
[2026-08-22 00:34:01] [WARNING] [ren.memory]: Initiating database recovery protocol...
[2026-08-22 00:34:01] [WARNING] [ren.memory]: Initiating database recovery protocol...
[2026-08-22 00:34:02] [WARNING] [ren.memory]: Initiating database recovery protocol...
[2026-08-22 00:34:02] [WARNING] [ren.memory]: Initiating database recovery protocol...
[2026-08-22 00:34:02] [WARNING] [ren.memory]: Initiating database recovery protocol...
[2026-08-22 00:34:02] [WARNING] [ren.memory]: Initiating database recovery protocol...
[2026-08-22 00:34:02] [WARNING] [ren.memory]: Initiating database recovery protocol...
[2026-08-22 00:34:02] [WARNING] [ren.memory]: Initiating database recovery protocol...
[2026-08-22 00:34:02] [WARNING] [ren.memory]: Initiating database recovery protocol...
[2026-08-22 00:34:02] [WARNING] [ren.memory]: Initiating database recovery protocol...
[2026-08-22 00:34:02] [WARNING] [ren.memory]: Initiating database recovery protocol...
[2026-08-22 00:34:03] [WARNING] [ren.memory]: Initiating database recovery protocol...
[2026-08-22 00:34:03] [WARNING] [ren.memory]: Initiating database recovery protocol...
[2026-08-22 00:34:03] [WARNING] [ren.memory]: Initiating database recovery protocol...
[2026-08-22 00:34:03] [WARNING] [ren.memory]: Initiating database recovery protocol...
[2026-08-22 00:34:03] [WARNING] [ren.memory]: Initiating database recovery protocol...
[2026-08-22 00:34:03] [WARNING] [ren.memory]: Initiating database recovery protocol...
[2026-08-22 00:34:03] [WARNING] [ren.memory]: Initiating database recovery protocol...
[2026-08-22 00:34:03] [WARNING] [ren.memory]: Initiating database recovery protocol...
[2026-08-22 00:34:03] [WARNING] [ren.memory]: Initiating database recovery protocol...
[2026-08-22 00:34:03] [WARNING] [ren.memory]: Initiating database recovery protocol...
[2026-08-22 00:34:03] [WARNING] [ren.memory]: Initiating database recovery protocol...
[2026-08-22 00:34:03] [WARNING] [ren.memory]: Initiating database recovery protocol...
[2026-08-22 00:34:03] [WARNING] [ren.memory]: Initiating database recovery protocol...
[2026-08-22 00:34:03] [WARNING] [ren.memory]: Initiating database recovery protocol...
[2026-08-22 00:34:03] [WARNING] [ren.memory]: Initiating database recovery protocol...
[2026-08-22 00:34:03] [WARNING] [ren.memory]: Initiating database recovery protocol...
[2026-08-22 00:34:03] [WARNING] [ren.memory]: Initiating database recovery protocol...
[2026-08-22 00:34:03] [WARNING] [ren.memory]: Initiating database recovery protocol...
[2026-08-22 00:34:03] [WARNING] [ren.memory]: Initiating database recovery protocol...
[2026-08-22 00:34:03] [WARNING] [ren.memory]: Initiating database recovery protocol...
[2026-08-22 00:34:03] [WARNING] [ren.memory]: Initiating database recovery protocol...
[2026-08-22 00:34:03] [WARNING] [ren.memory]: Initiating database recovery protocol...
[2026-08-22 00:34:03] [WARNING] [ren.memory]: Initiating database recovery protocol...
[2026-08-22 00:34:03] [WARNING] [ren.memory]: Initiating database recovery protocol...
[2026-08-22 00:34:03] [WARNING] [ren.memory]: Initiating database recovery protocol...
[2026-08-22 00:34:03] [WARNING] [ren.memory]: Initiating database recovery protocol...
[2026-08-22 00:34:03] [WARNING] [ren.memory]: Initiating database recovery protocol...
[2026-08-22 00:34:03] [WARNING] [ren.memory]: Initiating database recovery protocol...
[2026-08-22 00:34:03] [WARNING] [ren.memory]: Initiating database recovery protocol...
[2026-08-22 00:34:03] [WARNING] [ren.memory]: Initiating database recovery protocol...
[2026-08-22 00:34:03] [WARNING] [ren.memory]: Initiating database recovery protocol...
[2026-08-22 00:34:03] [WARNING] [ren.memory]: Initiating database recovery protocol...
[2026-08-22 00:34:03] [WARNING] [ren.memory]: Initiating database recovery protocol...
[2026-08-22 00:34:03] [WARNING] [ren.memory]: Initiating database recovery protocol...
[2026-08-22 00:34:03] [WARNING] [ren.memory]: Initiating database recovery protocol...
[2026-08-22 00:34:03] [WARNING] [ren.memory]: Initiating database recovery protocol...
[2026-08-22 00:34:03] [WARNING] [ren.memory]: Initiating database recovery protocol...
[2026-08-22 00:34:03] [WARNING] [ren.memory]: Initiating database recovery protocol...
[2026-08-22 00:34:03] [WARNING] [ren.memory]: Initiating database recovery protocol...
[2026-08-22 00:34:51] [WARNING] [ren.memory]: Initiating database recovery protocol...
[2026-08-22 00:34:51] [INFO] [ren.memory]: Database backup saved to D:\Coding projects\REN-AI-main (1)\REN-AI-main\data\backups\ren_memory_backup_20260822_003451.db
[2026-08-22 00:34:51] [INFO] [ren.memory]: Successfully migrated 12 items from D:\Coding projects\REN-AI-main (1)\REN-AI-main\memory.json into SQLite.
[2026-08-22 00:44:46] [INFO] [ren.memory]: Storing memory fact [preference] for user 'user_a_ad0fcb': User A's favorite programming language is Rust....
[2026-08-22 00:45:06] [INFO] [ren.memory]: Storing memory fact [preference] for user 'user_a_526b6c': User A's favorite programming language is Rust....
[2026-08-22 01:27:48] [INFO] [ren.memory]: Storing memory fact [preference] for user 'user_a_f232d8': User A's favorite programming language is Rust....
[2026-08-22 20:29:21] [INFO] [ren.memory]: Database backup saved to C:\Users\CYANCO~1\AppData\Local\Temp\tmp5u345bjg\backups\ren_memory_backup_20260822_202921.db
[2026-08-22 20:29:21] [INFO] [ren.memory]: Successfully migrated 12 items from D:\Coding projects\REN-AI-main (1)\REN-AI-main\memory.json into SQLite.
[2026-08-22 20:29:21] [INFO] [ren.memory]: Database backup saved to C:\Users\CYANCO~1\AppData\Local\Temp\tmp5u345bjg\backups\ren_memory_backup_20260822_202921.db
[2026-08-22 20:29:21] [WARNING] [ren.memory]: Initiating database recovery protocol...
[2026-08-22 20:29:21] [INFO] [ren.memory]: Restored database from backup C:\Users\CYANCO~1\AppData\Local\Temp\tmp5u345bjg\backups\ren_memory_backup_20260822_202921.db
[2026-08-22 20:29:21] [INFO] [ren.memory]: Database backup saved to C:\Users\CYANCO~1\AppData\Local\Temp\tmp9u3wsd2d\backups\ren_memory_backup_20260822_202921.db
[2026-08-22 20:29:21] [INFO] [ren.memory]: Successfully migrated 12 items from D:\Coding projects\REN-AI-main (1)\REN-AI-main\memory.json into SQLite.
[2026-08-22 20:29:22] [INFO] [ren.memory]: Database backup saved to C:\Users\CYANCO~1\AppData\Local\Temp\tmp8rtu7nmc\backups\ren_memory_backup_20260822_202922.db
[2026-08-22 20:29:22] [INFO] [ren.memory]: Successfully migrated 12 items from D:\Coding projects\REN-AI-main (1)\REN-AI-main\memory.json into SQLite.
[2026-08-22 20:29:23] [INFO] [ren.memory]: Database backup saved to C:\Users\CYANCO~1\AppData\Local\Temp\tmpsfqza121\backups\ren_memory_backup_20260822_202923.db
[2026-08-22 20:29:23] [INFO] [ren.memory]: Successfully migrated 12 items from D:\Coding projects\REN-AI-main (1)\REN-AI-main\memory.json into SQLite.
[2026-08-22 20:29:24] [INFO] [ren.memory]: Database backup saved to C:\Users\CYANCO~1\AppData\Local\Temp\tmp_7_xhivg\backups\ren_memory_backup_20260822_202924.db
[2026-08-22 20:29:24] [INFO] [ren.memory]: Successfully migrated 12 items from D:\Coding projects\REN-AI-main (1)\REN-AI-main\memory.json into SQLite.
[2026-08-22 21:08:04] [INFO] [ren.memory]: Database backup saved to C:\Users\CYANCO~1\AppData\Local\Temp\tmp79ubgv6i\backups\ren_memory_backup_20260822_210804.db
[2026-08-22 21:08:04] [INFO] [ren.memory]: Successfully migrated 12 items from D:\Coding projects\REN-AI-main (1)\REN-AI-main\memory.json into SQLite.
[2026-08-22 21:08:04] [INFO] [ren.memory]: Database backup saved to C:\Users\CYANCO~1\AppData\Local\Temp\tmp79ubgv6i\backups\ren_memory_backup_20260822_210804.db
[2026-08-22 21:08:04] [WARNING] [ren.memory]: Initiating database recovery protocol...
[2026-08-22 21:08:04] [INFO] [ren.memory]: Restored database from backup C:\Users\CYANCO~1\AppData\Local\Temp\tmp79ubgv6i\backups\ren_memory_backup_20260822_210804.db
[2026-08-22 21:08:05] [INFO] [ren.memory]: Database backup saved to C:\Users\CYANCO~1\AppData\Local\Temp\tmp4jajd67o\backups\ren_memory_backup_20260822_210805.db
[2026-08-22 21:08:05] [INFO] [ren.memory]: Successfully migrated 12 items from D:\Coding projects\REN-AI-main (1)\REN-AI-main\memory.json into SQLite.
[2026-08-22 21:08:05] [INFO] [ren.memory]: Database backup saved to C:\Users\CYANCO~1\AppData\Local\Temp\tmp_0h8ddv4\backups\ren_memory_backup_20260822_210805.db
[2026-08-22 21:08:05] [INFO] [ren.memory]: Successfully migrated 12 items from D:\Coding projects\REN-AI-main (1)\REN-AI-main\memory.json into SQLite.
[2026-08-22 21:08:06] [INFO] [ren.memory]: Database backup saved to C:\Users\CYANCO~1\AppData\Local\Temp\tmpq81rtdak\backups\ren_memory_backup_20260822_210806.db
[2026-08-22 21:08:06] [INFO] [ren.memory]: Successfully migrated 12 items from D:\Coding projects\REN-AI-main (1)\REN-AI-main\memory.json into SQLite.
[2026-08-22 21:08:07] [INFO] [ren.memory]: Database backup saved to C:\Users\CYANCO~1\AppData\Local\Temp\tmp8awpqesm\backups\ren_memory_backup_20260822_210807.db
[2026-08-22 21:08:07] [INFO] [ren.memory]: Successfully migrated 12 items from D:\Coding projects\REN-AI-main (1)\REN-AI-main\memory.json into SQLite.
[2026-08-24 02:37:38] [INFO] [ren.memory]: Database backup saved to C:\Users\CYANCO~1\AppData\Local\Temp\tmpu1iilubv\backups\ren_memory_backup_20260824_023738.db
[2026-08-24 02:37:38] [INFO] [ren.memory]: Successfully migrated 12 items from D:\Coding projects\REN-AI-main (1)\REN-AI-main\memory.json into SQLite.
[2026-08-24 02:37:39] [INFO] [ren.memory]: Database backup saved to C:\Users\CYANCO~1\AppData\Local\Temp\tmpu1iilubv\backups\ren_memory_backup_20260824_023739.db
[2026-08-24 02:37:39] [WARNING] [ren.memory]: Initiating database recovery protocol...
[2026-08-24 02:37:39] [INFO] [ren.memory]: Restored database from backup C:\Users\CYANCO~1\AppData\Local\Temp\tmpu1iilubv\backups\ren_memory_backup_20260824_023739.db
[2026-08-24 02:37:40] [INFO] [ren.memory]: Database backup saved to C:\Users\CYANCO~1\AppData\Local\Temp\tmp0_1ylgys\backups\ren_memory_backup_20260824_023740.db
[2026-08-24 02:37:40] [INFO] [ren.memory]: Successfully migrated 12 items from D:\Coding projects\REN-AI-main (1)\REN-AI-main\memory.json into SQLite.
[2026-08-24 02:37:41] [INFO] [ren.memory]: Database backup saved to C:\Users\CYANCO~1\AppData\Local\Temp\tmpizqku2ap\backups\ren_memory_backup_20260824_023741.db
[2026-08-24 02:37:41] [INFO] [ren.memory]: Successfully migrated 12 items from D:\Coding projects\REN-AI-main (1)\REN-AI-main\memory.json into SQLite.
[2026-08-24 02:37:42] [INFO] [ren.memory]: Database backup saved to C:\Users\CYANCO~1\AppData\Local\Temp\tmp103cb8_w\backups\ren_memory_backup_20260824_023742.db
[2026-08-24 02:37:42] [INFO] [ren.memory]: Successfully migrated 12 items from D:\Coding projects\REN-AI-main (1)\REN-AI-main\memory.json into SQLite.
[2026-08-24 02:37:43] [INFO] [ren.memory]: Database backup saved to C:\Users\CYANCO~1\AppData\Local\Temp\tmpiu2cgzbx\backups\ren_memory_backup_20260824_023743.db
[2026-08-24 02:37:43] [INFO] [ren.memory]: Successfully migrated 12 items from D:\Coding projects\REN-AI-main (1)\REN-AI-main\memory.json into SQLite.
[2026-08-24 02:38:18] [INFO] [ren.memory]: Database backup saved to C:\Users\CYANCO~1\AppData\Local\Temp\tmpu_dzovl8\backups\ren_memory_backup_20260824_023818.db
[2026-08-24 02:38:18] [INFO] [ren.memory]: Successfully migrated 12 items from D:\Coding projects\REN-AI-main (1)\REN-AI-main\memory.json into SQLite.
[2026-08-24 02:38:18] [INFO] [ren.memory]: Database backup saved to C:\Users\CYANCO~1\AppData\Local\Temp\tmpu_dzovl8\backups\ren_memory_backup_20260824_023818.db
[2026-08-24 02:38:18] [WARNING] [ren.memory]: Initiating database recovery protocol...
[2026-08-24 02:38:18] [INFO] [ren.memory]: Restored database from backup C:\Users\CYANCO~1\AppData\Local\Temp\tmpu_dzovl8\backups\ren_memory_backup_20260824_023818.db
[2026-08-24 02:38:19] [INFO] [ren.memory]: Database backup saved to C:\Users\CYANCO~1\AppData\Local\Temp\tmp9y6k9cb5\backups\ren_memory_backup_20260824_023819.db
[2026-08-24 02:38:19] [INFO] [ren.memory]: Successfully migrated 12 items from D:\Coding projects\REN-AI-main (1)\REN-AI-main\memory.json into SQLite.
[2026-08-24 02:38:20] [INFO] [ren.memory]: Database backup saved to C:\Users\CYANCO~1\AppData\Local\Temp\tmpud_44klc\backups\ren_memory_backup_20260824_023820.db
[2026-08-24 02:38:20] [INFO] [ren.memory]: Successfully migrated 12 items from D:\Coding projects\REN-AI-main (1)\REN-AI-main\memory.json into SQLite.
[2026-08-24 02:38:20] [INFO] [ren.memory]: Database backup saved to C:\Users\CYANCO~1\AppData\Local\Temp\tmptmrkys6l\backups\ren_memory_backup_20260824_023820.db
[2026-08-24 02:38:20] [INFO] [ren.memory]: Successfully migrated 12 items from D:\Coding projects\REN-AI-main (1)\REN-AI-main\memory.json into SQLite.
[2026-08-24 02:38:21] [INFO] [ren.memory]: Database backup saved to C:\Users\CYANCO~1\AppData\Local\Temp\tmpf_giu0_l\backups\ren_memory_backup_20260824_023821.db
[2026-08-24 02:38:21] [INFO] [ren.memory]: Successfully migrated 12 items from D:\Coding projects\REN-AI-main (1)\REN-AI-main\memory.json into SQLite.
[2026-08-24 02:38:33] [INFO] [ren.memory]: Database backup saved to C:\Users\CYANCO~1\AppData\Local\Temp\tmpvrfnwm__\backups\ren_memory_backup_20260824_023833.db
[2026-08-24 02:38:33] [INFO] [ren.memory]: Successfully migrated 12 items from D:\Coding projects\REN-AI-main (1)\REN-AI-main\memory.json into SQLite.
[2026-08-24 02:38:33] [INFO] [ren.memory]: Database backup saved to C:\Users\CYANCO~1\AppData\Local\Temp\tmpvrfnwm__\backups\ren_memory_backup_20260824_023833.db
[2026-08-24 02:38:33] [WARNING] [ren.memory]: Initiating database recovery protocol...
[2026-08-24 02:38:33] [INFO] [ren.memory]: Restored database from backup C:\Users\CYANCO~1\AppData\Local\Temp\tmpvrfnwm__\backups\ren_memory_backup_20260824_023833.db
[2026-08-24 02:38:33] [INFO] [ren.memory]: Database backup saved to C:\Users\CYANCO~1\AppData\Local\Temp\tmpazpx9mgb\backups\ren_memory_backup_20260824_023833.db
[2026-08-24 02:38:33] [INFO] [ren.memory]: Successfully migrated 12 items from D:\Coding projects\REN-AI-main (1)\REN-AI-main\memory.json into SQLite.
[2026-08-24 02:38:34] [INFO] [ren.memory]: Database backup saved to C:\Users\CYANCO~1\AppData\Local\Temp\tmpoivsa8_r\backups\ren_memory_backup_20260824_023834.db
[2026-08-24 02:38:34] [INFO] [ren.memory]: Successfully migrated 12 items from D:\Coding projects\REN-AI-main (1)\REN-AI-main\memory.json into SQLite.
[2026-08-24 02:38:34] [INFO] [ren.memory]: Database backup saved to C:\Users\CYANCO~1\AppData\Local\Temp\tmp46zq0qvg\backups\ren_memory_backup_20260824_023834.db
[2026-08-24 02:38:34] [INFO] [ren.memory]: Successfully migrated 12 items from D:\Coding projects\REN-AI-main (1)\REN-AI-main\memory.json into SQLite.
[2026-08-24 02:38:35] [INFO] [ren.memory]: Database backup saved to C:\Users\CYANCO~1\AppData\Local\Temp\tmp1_zol_gq\backups\ren_memory_backup_20260824_023835.db
[2026-08-24 02:38:35] [INFO] [ren.memory]: Successfully migrated 12 items from D:\Coding projects\REN-AI-main (1)\REN-AI-main\memory.json into SQLite.
[2026-08-24 02:47:58] [INFO] [ren.memory]: Database backup saved to C:\Users\CYANCO~1\AppData\Local\Temp\tmp6u6b70db\backups\ren_memory_backup_20260824_024758.db
[2026-08-24 02:47:58] [INFO] [ren.memory]: Successfully migrated 12 items from D:\Coding projects\REN-AI-main (1)\REN-AI-main\memory.json into SQLite.
[2026-08-24 02:47:58] [INFO] [ren.memory]: Database backup saved to C:\Users\CYANCO~1\AppData\Local\Temp\tmp6u6b70db\backups\ren_memory_backup_20260824_024758.db
[2026-08-24 02:47:58] [WARNING] [ren.memory]: Initiating database recovery protocol...
[2026-08-24 02:47:58] [INFO] [ren.memory]: Restored database from backup C:\Users\CYANCO~1\AppData\Local\Temp\tmp6u6b70db\backups\ren_memory_backup_20260824_024758.db
[2026-08-24 02:47:58] [INFO] [ren.memory]: Database backup saved to C:\Users\CYANCO~1\AppData\Local\Temp\tmpcbqcfvty\backups\ren_memory_backup_20260824_024758.db
[2026-08-24 02:47:58] [INFO] [ren.memory]: Successfully migrated 12 items from D:\Coding projects\REN-AI-main (1)\REN-AI-main\memory.json into SQLite.
[2026-08-24 02:47:59] [INFO] [ren.memory]: Database backup saved to C:\Users\CYANCO~1\AppData\Local\Temp\tmpcvakz9qr\backups\ren_memory_backup_20260824_024759.db
[2026-08-24 02:47:59] [INFO] [ren.memory]: Successfully migrated 12 items from D:\Coding projects\REN-AI-main (1)\REN-AI-main\memory.json into SQLite.
[2026-08-24 02:47:59] [INFO] [ren.memory]: Database backup saved to C:\Users\CYANCO~1\AppData\Local\Temp\tmpapxhgfk0\backups\ren_memory_backup_20260824_024759.db
[2026-08-24 02:47:59] [INFO] [ren.memory]: Successfully migrated 12 items from D:\Coding projects\REN-AI-main (1)\REN-AI-main\memory.json into SQLite.
[2026-08-24 02:48:00] [INFO] [ren.memory]: Database backup saved to C:\Users\CYANCO~1\AppData\Local\Temp\tmpt8jdjgtp\backups\ren_memory_backup_20260824_024800.db
[2026-08-24 02:48:00] [INFO] [ren.memory]: Successfully migrated 12 items from D:\Coding projects\REN-AI-main (1)\REN-AI-main\memory.json into SQLite.
[2026-08-24 02:48:52] [INFO] [ren.memory]: Database backup saved to C:\Users\CYANCO~1\AppData\Local\Temp\tmpzfhtzyyt\backups\ren_memory_backup_20260824_024852.db
[2026-08-24 02:48:52] [INFO] [ren.memory]: Successfully migrated 12 items from D:\Coding projects\REN-AI-main (1)\REN-AI-main\memory.json into SQLite.
[2026-08-24 02:48:52] [INFO] [ren.memory]: Database backup saved to C:\Users\CYANCO~1\AppData\Local\Temp\tmpzfhtzyyt\backups\ren_memory_backup_20260824_024852.db
[2026-08-24 02:48:52] [WARNING] [ren.memory]: Initiating database recovery protocol...
[2026-08-24 02:48:52] [INFO] [ren.memory]: Restored database from backup C:\Users\CYANCO~1\AppData\Local\Temp\tmpzfhtzyyt\backups\ren_memory_backup_20260824_024852.db
[2026-08-24 02:48:53] [INFO] [ren.memory]: Database backup saved to C:\Users\CYANCO~1\AppData\Local\Temp\tmpf833nuj1\backups\ren_memory_backup_20260824_024853.db
[2026-08-24 02:48:53] [INFO] [ren.memory]: Successfully migrated 12 items from D:\Coding projects\REN-AI-main (1)\REN-AI-main\memory.json into SQLite.
[2026-08-24 02:48:53] [INFO] [ren.memory]: Database backup saved to C:\Users\CYANCO~1\AppData\Local\Temp\tmp97v9vbt5\backups\ren_memory_backup_20260824_024853.db
[2026-08-24 02:48:53] [INFO] [ren.memory]: Successfully migrated 12 items from D:\Coding projects\REN-AI-main (1)\REN-AI-main\memory.json into SQLite.
[2026-08-24 02:48:54] [INFO] [ren.memory]: Database backup saved to C:\Users\CYANCO~1\AppData\Local\Temp\tmpyc4tilux\backups\ren_memory_backup_20260824_024854.db
[2026-08-24 02:48:54] [INFO] [ren.memory]: Successfully migrated 12 items from D:\Coding projects\REN-AI-main (1)\REN-AI-main\memory.json into SQLite.
[2026-08-24 02:48:54] [INFO] [ren.memory]: Database backup saved to C:\Users\CYANCO~1\AppData\Local\Temp\tmpb8wy1u8_\backups\ren_memory_backup_20260824_024854.db
[2026-08-24 02:48:54] [INFO] [ren.memory]: Successfully migrated 12 items from D:\Coding projects\REN-AI-main (1)\REN-AI-main\memory.json into SQLite.
