[2026-08-15 06:10:45] [WARNING] [ren.security]: BLOCKED command matched pattern 'rmdir /s /q c:\': rmdir /s /q c:\windows
[2026-08-15 06:11:17] [WARNING] [ren.security]: BLOCKED command matched pattern 'rmdir /s /q c:\': rmdir /s /q c:\windows
[2026-08-15 06:11:32] [WARNING] [ren.security]: BLOCKED command matched pattern 'rmdir /s /q c:\': rmdir /s /q c:\windows
[2026-08-15 06:16:56] [WARNING] [ren.security]: BLOCKED command matched pattern 'rmdir /s /q c:\': rmdir /s /q c:\
[2026-08-15 06:17:13] [WARNING] [ren.security]: BLOCKED command matched pattern 'rmdir /s /q c:\': rmdir /s /q c:\
[2026-08-15 06:23:46] [WARNING] [ren.security]: BLOCKED command matched pattern 'rmdir /s /q c:\': rmdir /s /q c:\windows
[2026-08-15 06:54:39] [WARNING] [ren.security]: BLOCKED command matched pattern 'rmdir /s /q c:\': rmdir /s /q c:\windows
[2026-08-15 06:54:56] [WARNING] [ren.security]: BLOCKED command matched pattern 'rmdir /s /q c:\': rmdir /s /q c:\
[2026-08-20 02:23:53] [WARNING] [ren.security]: BLOCKED command matched pattern 'rmdir /s /q c:\': rmdir /s /q c:\
[2026-08-20 02:27:04] [WARNING] [ren.security]: BLOCKED command matched pattern 'rmdir /s /q c:\': rmdir /s /q c:\
[2026-08-20 02:31:50] [WARNING] [ren.security]: BLOCKED command matched pattern 'rmdir /s /q c:\': rmdir /s /q c:\
[2026-08-20 02:33:13] [WARNING] [ren.security]: BLOCKED command matched pattern 'rmdir /s /q c:\': rmdir /s /q c:\
[2026-08-20 02:56:52] [WARNING] [ren.security]: BLOCKED command matched pattern 'rmdir /s /q c:\': rmdir /s /q c:\
[2026-08-20 02:57:38] [WARNING] [ren.security]: BLOCKED command matched pattern 'rmdir /s /q c:\': rmdir /s /q c:\
[2026-08-20 03:02:41] [WARNING] [ren.security]: BLOCKED command matched pattern 'rmdir /s /q c:\': rmdir /s /q c:\
[2026-08-22 00:37:32] [WARNING] [ren.security]: BLOCKED command matched pattern 'rmdir /s /q c:\': rmdir /s /q c:\
[2026-08-22 00:45:06] [WARNING] [ren.security]: BLOCKED command matched pattern 'aircrack-ng': aircrack-ng -w wordlist.txt capture.cap
[2026-08-22 00:45:06] [WARNING] [ren.security]: BLOCKED command matched pattern 'airodump-ng': airodump-ng -w wordlist.txt capture.cap
[2026-08-22 00:45:06] [WARNING] [ren.security]: BLOCKED command matched pattern 'wifite': wifite -w wordlist.txt capture.cap
[2026-08-22 00:45:06] [WARNING] [ren.security]: BLOCKED command matched pattern 'hydra': hydra -w wordlist.txt capture.cap
[2026-08-22 00:48:12] [WARNING] [ren.security]: BLOCKED command matched pattern 'rmdir /s /q c:\': rmdir /s /q c:\
[2026-08-22 01:27:48] [WARNING] [ren.security]: BLOCKED command matched pattern 'aircrack-ng': aircrack-ng -w wordlist.txt capture.cap
[2026-08-22 01:27:48] [WARNING] [ren.security]: BLOCKED command matched pattern 'airodump-ng': airodump-ng -w wordlist.txt capture.cap
[2026-08-22 01:27:48] [WARNING] [ren.security]: BLOCKED command matched pattern 'wifite': wifite -w wordlist.txt capture.cap
[2026-08-22 01:27:48] [WARNING] [ren.security]: BLOCKED command matched pattern 'hydra': hydra -w wordlist.txt capture.cap
[2026-08-22 01:28:03] [WARNING] [ren.security]: BLOCKED command matched pattern 'rmdir /s /q c:\': rmdir /s /q c:\
[2026-08-22 01:34:32] [WARNING] [ren.security]: BLOCKED command matched pattern 'rmdir /s /q c:\': rmdir /s /q c:\
[2026-08-22 02:34:00] [WARNING] [ren.security]: BLOCKED command matched pattern 'rmdir /s /q c:\': rmdir /s /q c:\
[2026-08-22 02:54:17] [WARNING] [ren.security]: BLOCKED command matched pattern 'rmdir /s /q c:\': rmdir /s /q c:\
[2026-08-22 03:16:56] [WARNING] [ren.security]: BLOCKED command matched pattern 'rmdir /s /q c:\': rmdir /s /q c:\
[2026-08-22 03:21:35] [WARNING] [ren.security]: BLOCKED command matched pattern 'rmdir /s /q c:\': rmdir /s /q c:\
[2026-08-22 03:39:14] [WARNING] [ren.security]: BLOCKED command matched pattern 'rmdir /s /q c:\': rmdir /s /q c:\
[2026-08-22 03:41:44] [WARNING] [ren.security]: BLOCKED command matched pattern 'rmdir /s /q c:\': rmdir /s /q c:\
[2026-08-22 03:45:18] [WARNING] [ren.security]: BLOCKED command matched pattern 'rmdir /s /q c:\': rmdir /s /q c:\
[2026-08-22 04:02:12] [WARNING] [ren.security]: BLOCKED command matched pattern 'rmdir /s /q c:\': rmdir /s /q c:\
[2026-08-22 04:10:20] [WARNING] [ren.security]: BLOCKED command matched pattern 'rmdir /s /q c:\': rmdir /s /q c:\
[2026-08-22 04:17:06] [WARNING] [ren.security]: BLOCKED command matched pattern 'rmdir /s /q c:\': rmdir /s /q c:\
[2026-08-22 04:55:47] [WARNING] [ren.security]: BLOCKED command matched pattern 'rmdir /s /q c:\': rmdir /s /q c:\
[2026-08-22 05:01:37] [WARNING] [ren.security]: BLOCKED command matched pattern 'rmdir /s /q c:\': rmdir /s /q c:\
[2026-08-22 05:35:58] [WARNING] [ren.security]: BLOCKED command matched pattern 'rmdir /s /q c:\': rmdir /s /q c:\
[2026-08-22 05:43:44] [WARNING] [ren.security]: BLOCKED command matched pattern 'rmdir /s /q c:\': rmdir /s /q c:\
[2026-08-22 05:46:11] [WARNING] [ren.security]: BLOCKED command matched pattern 'rmdir /s /q c:\': rmdir /s /q c:\
[2026-08-22 20:29:25] [WARNING] [ren.security]: BLOCKED command matched pattern 'rmdir /s /q c:\': rmdir /s /q c:\windows
[2026-08-22 20:29:32] [WARNING] [ren.security]: BLOCKED command matched pattern 'rmdir /s /q c:\': rmdir /s /q c:\
[2026-08-22 21:08:07] [WARNING] [ren.security]: BLOCKED command matched pattern 'rmdir /s /q c:\': rmdir /s /q c:\windows
[2026-08-24 02:37:43] [WARNING] [ren.security]: BLOCKED command matched pattern 'rmdir /s /q c:\': rmdir /s /q c:\windows
[2026-08-24 02:38:21] [WARNING] [ren.security]: BLOCKED command matched pattern 'rmdir /s /q c:\': rmdir /s /q c:\windows
[2026-08-24 02:38:36] [WARNING] [ren.security]: BLOCKED command matched pattern 'rmdir /s /q c:\': rmdir /s /q c:\windows
[2026-08-24 02:48:00] [WARNING] [ren.security]: BLOCKED command matched pattern 'rmdir /s /q c:\': rmdir /s /q c:\windows
[2026-08-24 02:48:54] [WARNING] [ren.security]: BLOCKED command matched pattern 'rmdir /s /q c:\': rmdir /s /q c:\windows
[2026-08-25 02:39:07] [WARNING] [ren.security]: BLOCKED command matched pattern 'rmdir /s /q c:\': rmdir /s /q c:\windows
[2026-08-25 03:25:24] [WARNING] [ren.security]: BLOCKED command matched pattern 'rmdir /s /q c:\': rmdir /s /q c:\windows
[2026-08-25 03:37:57] [WARNING] [ren.security]: BLOCKED command matched pattern 'rmdir /s /q c:\': rmdir /s /q c:\windows
[2026-08-25 03:48:24] [WARNING] [ren.security]: BLOCKED command matched pattern 'rmdir /s /q c:\': rmdir /s /q c:\windows
[2026-08-25 04:00:43] [WARNING] [ren.security]: BLOCKED command matched pattern 'rmdir /s /q c:\': rmdir /s /q c:\windows
[2026-08-29 03:28:29] [WARNING] [ren.security]: BLOCKED command matched pattern 'rmdir /s /q c:\': rmdir /s /q c:\windows
[2026-08-29 03:31:02] [WARNING] [ren.security]: BLOCKED command matched pattern 'rmdir /s /q c:\': rmdir /s /q c:\windows
[2026-08-29 03:31:16] [WARNING] [ren.security]: BLOCKED command matched pattern 'rmdir /s /q c:\': rmdir /s /q c:\
[2026-08-29 03:36:16] [WARNING] [ren.security]: BLOCKED command matched pattern 'rmdir /s /q c:\': rmdir /s /q c:\windows
[2026-08-29 03:36:29] [WARNING] [ren.security]: BLOCKED command matched pattern 'rmdir /s /q c:\': rmdir /s /q c:\
[2026-08-29 03:38:45] [WARNING] [ren.security]: BLOCKED command matched pattern 'rmdir /s /q c:\': rmdir /s /q c:\windows
[2026-08-29 03:43:43] [WARNING] [ren.security]: BLOCKED command matched pattern 'rmdir /s /q c:\': rmdir /s /q c:\
[2026-08-29 03:45:47] [WARNING] [ren.security]: BLOCKED command matched pattern 'rmdir /s /q c:\': rmdir /s /q c:\windows
[2026-08-29 03:45:47] [WARNING] [ren.security]: BLOCKED command matched pattern 'sqlmap': sqlmap -u http://example.com
[2026-08-29 03:45:47] [WARNING] [ren.security]: BLOCKED command matched pattern 'msfvenom': msfvenom -p windows/meterpreter
[2026-08-29 03:45:47] [WARNING] [ren.security]: BLOCKED command matched pattern 'aircrack-ng': aircrack-ng wpa.cap
[2026-08-29 04:37:28] [WARNING] [ren.security]: BLOCKED command matched pattern 'hashcat': mkdir "d:\downalods\system_logs" "d:\downalods\technical_security" "d:\downalods\tools" "d:\downalods\games" "d:\downalods\development" && move "d:\downalods\wintoys.msix" "d:\downalods\installers\" && move "d:\downalods\python-manager-26.0.msix" "d:\downalods\installers\" && move "d:\downalods\*.htm" "d:\downalods\documents\" && move "d:\downalods\bluetooth_content_share.html" "d:\downalods\documents\" && move "d:\downalods\buildozer.text" "d:\downalods\documents\" && move "d:\downalods\configuration.xml" "d:\downalods\documents\" && move "d:\downalods\debug.log" "d:\downalods\system_logs\" && move "d:\downalods\autorun.inf" "d:\downalods\system_logs\" && move "d:\downalods\desktop.ini" "d:\downalods\system_logs\" && move "d:\downalods\m0nkrus.nfo" "d:\downalods\system_logs\" && move "d:\downalods\wifihash.hc22000" "d:\downalods\technical_security\" && move "d:\downalods\deviltwin-nodemcu.ino.bin" "d:\downalods\technical_security\" && move "d:\downalods\*.whl" "d:\downalods\documents\" && move "d:\downalods\android_image_tools" "d:\downalods\tools\" && move "d:\downalods\qcomdloader" "d:\downalods\tools\" && move "d:\downalods\hashcat-utils" "d:\downalods\tools\" && move "d:\downalods\hcxtools" "d:\downalods\tools\" && move "d:\downalods\platform-tools" "d:\downalods\tools\" && move "d:\downalods\euro truck simulator 2" "d:\downalods\games\" && move "d:\downalods\hollow knight" "d:\downalods\games\" && move "d:\downalods\fears to fathom" "d:\downalods\games\" && move "d:\downalods\the-ultimate-python-course" "d:\downalods\development\" && move "d:\downalods\wi-fi-jammer" "d:\downalods\development\" && move "d:\downalods\nodemcu-flasher" "d:\downalods\development\"
[2026-08-29 22:55:16] [INFO] [ren.security]: Developer Mode: Successful authentication.
[2026-08-29 22:55:16] [INFO] [ren.security]: Developer capabilities updated: debug=False, tools=True
[2026-08-29 22:55:16] [INFO] [ren.security]: Developer Mode deactivated.
[2026-08-29 22:55:16] [WARNING] [ren.security]: Developer Mode: Failed authentication attempt.
[2026-08-29 22:55:16] [INFO] [ren.security]: Developer Mode: Successful authentication.
[2026-08-29 22:55:21] [WARNING] [ren.security]: BLOCKED command matched blacklist pattern 'format': format c: /fs:ntfs
[2026-08-29 22:55:21] [WARNING] [ren.security]: BLOCKED command matched blacklist pattern 'mimikatz': mimikatz.exe
[2026-08-29 22:55:21] [WARNING] [ren.security]: BLOCKED command matched blacklist pattern 'sqlmap': sqlmap -u http://example.com
[2026-08-29 22:55:21] [WARNING] [ren.security]: BLOCKED command matched blacklist pattern 'hydra': hydra -l user -p pass 127.0.0.1 ssh
[2026-08-29 22:55:21] [WARNING] [ren.security]: BLOCKED command matched blacklist pattern 'arpspoof': arpspoof -i eth0
[2026-08-29 22:55:21] [WARNING] [ren.security]: BLOCKED command matched blacklist pattern 'rmdir /s /q c:\': rmdir /s /q c:\windows
[2026-08-29 22:55:21] [WARNING] [ren.security]: BLOCKED command matched blacklist pattern 'sqlmap': sqlmap -u http://example.com
[2026-08-29 22:55:21] [WARNING] [ren.security]: BLOCKED command matched blacklist pattern 'msfvenom': msfvenom -p windows/meterpreter
[2026-08-29 22:55:21] [WARNING] [ren.security]: BLOCKED command matched blacklist pattern 'aircrack-ng': aircrack-ng wpa.cap
[2026-08-29 22:56:03] [INFO] [ren.security]: Developer Mode: Successful authentication.
[2026-08-29 22:56:03] [INFO] [ren.security]: Developer capabilities updated: debug=False, tools=True
[2026-08-29 22:56:03] [INFO] [ren.security]: Developer Mode deactivated.
[2026-08-29 22:56:03] [WARNING] [ren.security]: Developer Mode: Failed authentication attempt.
[2026-08-29 22:56:03] [INFO] [ren.security]: Developer Mode: Successful authentication.
[2026-08-29 22:56:08] [WARNING] [ren.security]: BLOCKED command matched blacklist pattern 'format': format c: /fs:ntfs
[2026-08-29 22:56:08] [WARNING] [ren.security]: BLOCKED command matched blacklist pattern 'mimikatz': mimikatz.exe
[2026-08-29 22:56:08] [WARNING] [ren.security]: BLOCKED command matched blacklist pattern 'sqlmap': sqlmap -u http://example.com
[2026-08-29 22:56:08] [WARNING] [ren.security]: BLOCKED command matched blacklist pattern 'hydra': hydra -l user -p pass 127.0.0.1 ssh
[2026-08-29 22:56:08] [WARNING] [ren.security]: BLOCKED command matched blacklist pattern 'arpspoof': arpspoof -i eth0
[2026-08-29 22:56:08] [WARNING] [ren.security]: BLOCKED command matched blacklist pattern 'rmdir /s /q c:\': rmdir /s /q c:\windows
[2026-08-29 22:56:08] [WARNING] [ren.security]: BLOCKED command matched blacklist pattern 'sqlmap': sqlmap -u http://example.com
[2026-08-29 22:56:08] [WARNING] [ren.security]: BLOCKED command matched blacklist pattern 'msfvenom': msfvenom -p windows/meterpreter
[2026-08-29 22:56:08] [WARNING] [ren.security]: BLOCKED command matched blacklist pattern 'aircrack-ng': aircrack-ng wpa.cap
[2026-08-29 23:04:18] [INFO] [ren.security]: Developer Mode: Successful authentication.
[2026-08-29 23:24:31] [INFO] [ren.security]: Developer Mode: Successful authentication.
[2026-08-29 23:24:31] [INFO] [ren.security]: Developer capabilities updated: debug=False, tools=True
[2026-08-29 23:24:31] [INFO] [ren.security]: Developer Mode deactivated.
[2026-08-29 23:24:31] [WARNING] [ren.security]: Developer Mode: Failed authentication attempt.
[2026-08-29 23:24:31] [INFO] [ren.security]: Developer Mode: Successful authentication.
[2026-08-29 23:24:36] [WARNING] [ren.security]: BLOCKED command matched blacklist pattern 'format': format c: /fs:ntfs
[2026-08-29 23:24:36] [WARNING] [ren.security]: BLOCKED command matched blacklist pattern 'mimikatz': mimikatz.exe
[2026-08-29 23:24:36] [WARNING] [ren.security]: BLOCKED command matched blacklist pattern 'sqlmap': sqlmap -u http://example.com
[2026-08-29 23:24:36] [WARNING] [ren.security]: BLOCKED command matched blacklist pattern 'hydra': hydra -l user -p pass 127.0.0.1 ssh
[2026-08-29 23:24:36] [WARNING] [ren.security]: BLOCKED command matched blacklist pattern 'arpspoof': arpspoof -i eth0
[2026-08-29 23:24:36] [WARNING] [ren.security]: BLOCKED command matched blacklist pattern 'rmdir /s /q c:\': rmdir /s /q c:\windows
[2026-08-29 23:24:36] [WARNING] [ren.security]: BLOCKED command matched blacklist pattern 'sqlmap': sqlmap -u http://example.com
[2026-08-29 23:24:36] [WARNING] [ren.security]: BLOCKED command matched blacklist pattern 'msfvenom': msfvenom -p windows/meterpreter
[2026-08-29 23:24:36] [WARNING] [ren.security]: BLOCKED command matched blacklist pattern 'aircrack-ng': aircrack-ng wpa.cap
[2026-08-29 23:31:53] [INFO] [ren.security]: Developer Mode: Successful authentication.
[2026-08-29 23:31:53] [INFO] [ren.security]: Developer capabilities updated: debug=False, tools=True
[2026-08-29 23:31:53] [INFO] [ren.security]: Developer Mode deactivated.
[2026-08-29 23:31:53] [WARNING] [ren.security]: Developer Mode: Failed authentication attempt.
[2026-08-29 23:31:53] [INFO] [ren.security]: Developer Mode: Successful authentication.
[2026-08-29 23:31:58] [WARNING] [ren.security]: BLOCKED command matched blacklist pattern 'format': format c: /fs:ntfs
[2026-08-29 23:31:58] [WARNING] [ren.security]: BLOCKED command matched blacklist pattern 'mimikatz': mimikatz.exe
[2026-08-29 23:31:58] [WARNING] [ren.security]: BLOCKED command matched blacklist pattern 'sqlmap': sqlmap -u http://example.com
[2026-08-29 23:31:58] [WARNING] [ren.security]: BLOCKED command matched blacklist pattern 'hydra': hydra -l user -p pass 127.0.0.1 ssh
[2026-08-29 23:31:58] [WARNING] [ren.security]: BLOCKED command matched blacklist pattern 'arpspoof': arpspoof -i eth0
[2026-08-29 23:31:58] [WARNING] [ren.security]: BLOCKED command matched blacklist pattern 'rmdir /s /q c:\': rmdir /s /q c:\windows
[2026-08-29 23:31:58] [WARNING] [ren.security]: BLOCKED command matched blacklist pattern 'sqlmap': sqlmap -u http://example.com
[2026-08-29 23:31:58] [WARNING] [ren.security]: BLOCKED command matched blacklist pattern 'msfvenom': msfvenom -p windows/meterpreter
[2026-08-29 23:31:58] [WARNING] [ren.security]: BLOCKED command matched blacklist pattern 'aircrack-ng': aircrack-ng wpa.cap
[2026-08-29 23:37:33] [WARNING] [ren.security]: Developer Mode: Failed authentication attempt.
[2026-08-29 23:37:44] [WARNING] [ren.security]: Developer Mode: Failed authentication attempt.
[2026-09-04 19:07:28] [INFO] [ren.security]: Developer Mode: Successful authentication.
[2026-09-04 19:07:28] [INFO] [ren.security]: Developer capabilities updated: debug=False, tools=True
[2026-09-04 19:07:28] [INFO] [ren.security]: Developer Mode deactivated.
[2026-09-04 19:07:28] [WARNING] [ren.security]: Developer Mode: Failed authentication attempt.
[2026-09-04 19:07:28] [INFO] [ren.security]: Developer Mode: Successful authentication.
[2026-09-04 19:07:34] [WARNING] [ren.security]: BLOCKED command matched blacklist pattern 'format': format c: /fs:ntfs
[2026-09-04 19:07:34] [WARNING] [ren.security]: BLOCKED command matched blacklist pattern 'mimikatz': mimikatz.exe
[2026-09-04 19:07:34] [WARNING] [ren.security]: BLOCKED command matched blacklist pattern 'sqlmap': sqlmap -u http://example.com
[2026-09-04 19:07:34] [WARNING] [ren.security]: BLOCKED command matched blacklist pattern 'hydra': hydra -l user -p pass 127.0.0.1 ssh
[2026-09-04 19:07:34] [WARNING] [ren.security]: BLOCKED command matched blacklist pattern 'arpspoof': arpspoof -i eth0
[2026-09-04 19:07:34] [WARNING] [ren.security]: BLOCKED command matched blacklist pattern 'rmdir /s /q c:\': rmdir /s /q c:\windows
[2026-09-04 19:07:34] [WARNING] [ren.security]: BLOCKED command matched blacklist pattern 'sqlmap': sqlmap -u http://example.com
[2026-09-04 19:07:34] [WARNING] [ren.security]: BLOCKED command matched blacklist pattern 'msfvenom': msfvenom -p windows/meterpreter
[2026-09-04 19:07:34] [WARNING] [ren.security]: BLOCKED command matched blacklist pattern 'aircrack-ng': aircrack-ng wpa.cap
[2026-09-04 19:12:15] [INFO] [ren.security]: Developer Mode: Successful authentication.
[2026-09-04 19:12:15] [INFO] [ren.security]: Developer capabilities updated: debug=False, tools=True
[2026-09-04 19:12:15] [INFO] [ren.security]: Developer Mode deactivated.
[2026-09-04 19:12:15] [WARNING] [ren.security]: Developer Mode: Failed authentication attempt.
[2026-09-04 19:12:15] [INFO] [ren.security]: Developer Mode: Successful authentication.
[2026-09-04 19:12:18] [WARNING] [ren.security]: BLOCKED command matched blacklist pattern 'format': format c: /fs:ntfs
[2026-09-04 19:12:18] [WARNING] [ren.security]: BLOCKED command matched blacklist pattern 'mimikatz': mimikatz.exe
[2026-09-04 19:12:18] [WARNING] [ren.security]: BLOCKED command matched blacklist pattern 'sqlmap': sqlmap -u http://example.com
[2026-09-04 19:12:18] [WARNING] [ren.security]: BLOCKED command matched blacklist pattern 'hydra': hydra -l user -p pass 127.0.0.1 ssh
[2026-09-04 19:12:18] [WARNING] [ren.security]: BLOCKED command matched blacklist pattern 'arpspoof': arpspoof -i eth0
[2026-09-04 19:12:18] [WARNING] [ren.security]: BLOCKED command matched blacklist pattern 'rmdir /s /q c:\': rmdir /s /q c:\windows
[2026-09-04 19:12:18] [WARNING] [ren.security]: BLOCKED command matched blacklist pattern 'sqlmap': sqlmap -u http://example.com
[2026-09-04 19:12:18] [WARNING] [ren.security]: BLOCKED command matched blacklist pattern 'msfvenom': msfvenom -p windows/meterpreter
[2026-09-04 19:12:18] [WARNING] [ren.security]: BLOCKED command matched blacklist pattern 'aircrack-ng': aircrack-ng wpa.cap
[2026-09-04 19:13:04] [INFO] [ren.security]: Developer Mode: Successful authentication.
[2026-09-04 19:13:04] [INFO] [ren.security]: Developer capabilities updated: debug=False, tools=True
[2026-09-04 19:13:04] [INFO] [ren.security]: Developer Mode deactivated.
[2026-09-04 19:13:04] [WARNING] [ren.security]: Developer Mode: Failed authentication attempt.
[2026-09-04 19:13:04] [INFO] [ren.security]: Developer Mode: Successful authentication.
[2026-09-04 19:13:10] [WARNING] [ren.security]: BLOCKED command matched blacklist pattern 'format': format c: /fs:ntfs
[2026-09-04 19:13:10] [WARNING] [ren.security]: BLOCKED command matched blacklist pattern 'mimikatz': mimikatz.exe
[2026-09-04 19:13:10] [WARNING] [ren.security]: BLOCKED command matched blacklist pattern 'sqlmap': sqlmap -u http://example.com
[2026-09-04 19:13:10] [WARNING] [ren.security]: BLOCKED command matched blacklist pattern 'hydra': hydra -l user -p pass 127.0.0.1 ssh
[2026-09-04 19:13:10] [WARNING] [ren.security]: BLOCKED command matched blacklist pattern 'arpspoof': arpspoof -i eth0
[2026-09-04 19:13:10] [WARNING] [ren.security]: BLOCKED command matched blacklist pattern 'rmdir /s /q c:\': rmdir /s /q c:\windows
[2026-09-04 19:13:10] [WARNING] [ren.security]: BLOCKED command matched blacklist pattern 'sqlmap': sqlmap -u http://example.com
[2026-09-04 19:13:10] [WARNING] [ren.security]: BLOCKED command matched blacklist pattern 'msfvenom': msfvenom -p windows/meterpreter
[2026-09-04 19:13:10] [WARNING] [ren.security]: BLOCKED command matched blacklist pattern 'aircrack-ng': aircrack-ng wpa.cap
[2026-09-04 19:27:32] [INFO] [ren.security]: Developer Mode: Successful authentication.
[2026-09-04 19:27:32] [INFO] [ren.security]: Developer capabilities updated: debug=False, tools=True
[2026-09-04 19:27:32] [INFO] [ren.security]: Developer Mode deactivated.
[2026-09-04 19:27:32] [WARNING] [ren.security]: Developer Mode: Failed authentication attempt.
[2026-09-04 19:27:32] [INFO] [ren.security]: Developer Mode: Successful authentication.
[2026-09-04 19:27:40] [WARNING] [ren.security]: BLOCKED command matched blacklist pattern 'format': format c: /fs:ntfs
[2026-09-04 19:27:40] [WARNING] [ren.security]: BLOCKED command matched blacklist pattern 'mimikatz': mimikatz.exe
[2026-09-04 19:27:40] [WARNING] [ren.security]: BLOCKED command matched blacklist pattern 'sqlmap': sqlmap -u http://example.com
[2026-09-04 19:27:40] [WARNING] [ren.security]: BLOCKED command matched blacklist pattern 'hydra': hydra -l user -p pass 127.0.0.1 ssh
[2026-09-04 19:27:40] [WARNING] [ren.security]: BLOCKED command matched blacklist pattern 'arpspoof': arpspoof -i eth0
[2026-09-04 19:27:40] [WARNING] [ren.security]: BLOCKED command matched blacklist pattern 'rmdir /s /q c:\': rmdir /s /q c:\windows
[2026-09-04 19:27:40] [WARNING] [ren.security]: BLOCKED command matched blacklist pattern 'sqlmap': sqlmap -u http://example.com
[2026-09-04 19:27:40] [WARNING] [ren.security]: BLOCKED command matched blacklist pattern 'msfvenom': msfvenom -p windows/meterpreter
[2026-09-04 19:27:40] [WARNING] [ren.security]: BLOCKED command matched blacklist pattern 'aircrack-ng': aircrack-ng wpa.cap
[2026-09-04 19:37:02] [INFO] [ren.security]: Developer Mode: Successful authentication.
[2026-09-04 19:37:02] [INFO] [ren.security]: Developer capabilities updated: debug=False, tools=True
[2026-09-04 19:37:02] [INFO] [ren.security]: Developer Mode deactivated.
[2026-09-04 19:37:02] [WARNING] [ren.security]: Developer Mode: Failed authentication attempt.
[2026-09-04 19:37:02] [INFO] [ren.security]: Developer Mode: Successful authentication.
[2026-09-04 19:37:11] [WARNING] [ren.security]: BLOCKED command matched blacklist pattern 'format': format c: /fs:ntfs
[2026-09-04 19:37:11] [WARNING] [ren.security]: BLOCKED command matched blacklist pattern 'mimikatz': mimikatz.exe
[2026-09-04 19:37:11] [WARNING] [ren.security]: BLOCKED command matched blacklist pattern 'sqlmap': sqlmap -u http://example.com
[2026-09-04 19:37:11] [WARNING] [ren.security]: BLOCKED command matched blacklist pattern 'hydra': hydra -l user -p pass 127.0.0.1 ssh
[2026-09-04 19:37:11] [WARNING] [ren.security]: BLOCKED command matched blacklist pattern 'arpspoof': arpspoof -i eth0
[2026-09-04 19:37:11] [WARNING] [ren.security]: BLOCKED command matched blacklist pattern 'rmdir /s /q c:\': rmdir /s /q c:\windows
[2026-09-04 19:37:11] [WARNING] [ren.security]: BLOCKED command matched blacklist pattern 'sqlmap': sqlmap -u http://example.com
[2026-09-04 19:37:11] [WARNING] [ren.security]: BLOCKED command matched blacklist pattern 'msfvenom': msfvenom -p windows/meterpreter
[2026-09-04 19:37:11] [WARNING] [ren.security]: BLOCKED command matched blacklist pattern 'aircrack-ng': aircrack-ng wpa.cap
