[2026-08-15 06:11:14] [INFO] [ren.skills]: Loaded 9 registered skills.
[2026-08-15 06:11:18] [INFO] [ren.skills]: Testing new skill 'Test Greeter' in sandbox...
[2026-08-15 06:11:18] [INFO] [ren.skills]: Loaded 10 registered skills.
[2026-08-15 06:11:18] [INFO] [ren.skills]: Successfully registered and promoted skill: Test Greeter
[2026-08-15 06:11:28] [INFO] [ren.skills]: Loaded 10 registered skills.
[2026-08-15 06:11:32] [INFO] [ren.skills]: Testing new skill 'Test Greeter' in sandbox...
[2026-08-15 06:11:32] [INFO] [ren.skills]: Loaded 10 registered skills.
[2026-08-15 06:11:32] [INFO] [ren.skills]: Successfully registered and promoted skill: Test Greeter
[2026-08-15 06:13:01] [INFO] [ren.skills]: Loaded 10 registered skills.
[2026-08-15 06:16:55] [INFO] [ren.skills]: Loaded 10 registered skills.
[2026-08-15 06:17:13] [INFO] [ren.skills]: Loaded 10 registered skills.
[2026-08-15 06:19:54] [INFO] [ren.skills]: Loaded 10 registered skills.
[2026-08-15 06:23:42] [INFO] [ren.skills]: Loaded 10 registered skills.
[2026-08-15 06:23:46] [INFO] [ren.skills]: Testing new skill 'Test Greeter' in sandbox...
[2026-08-15 06:23:47] [INFO] [ren.skills]: Loaded 10 registered skills.
[2026-08-15 06:23:47] [INFO] [ren.skills]: Successfully registered and promoted skill: Test Greeter
[2026-08-15 06:26:45] [INFO] [ren.skills]: Loaded 10 registered skills.
[2026-08-15 06:43:17] [INFO] [ren.skills]: Loaded 10 registered skills.
[2026-08-15 06:54:35] [INFO] [ren.skills]: Loaded 10 registered skills.
[2026-08-15 06:54:39] [INFO] [ren.skills]: Testing new skill 'Test Greeter' in sandbox...
[2026-08-15 06:54:39] [INFO] [ren.skills]: Loaded 10 registered skills.
[2026-08-15 06:54:39] [INFO] [ren.skills]: Successfully registered and promoted skill: Test Greeter
[2026-08-15 06:54:55] [INFO] [ren.skills]: Loaded 10 registered skills.
[2026-08-15 06:56:29] [INFO] [ren.skills]: Loaded 10 registered skills.
[2026-08-15 06:56:31] [INFO] [ren.skills]: Loaded 10 registered skills.
[2026-08-15 06:56:50] [INFO] [ren.skills]: Loaded 10 registered skills.
[2026-08-16 05:19:25] [INFO] [ren.skills]: Loaded 10 registered skills.
[2026-08-18 04:27:46] [INFO] [ren.skills]: Loaded 10 registered skills.
[2026-08-20 02:23:52] [INFO] [ren.skills]: Loaded 10 registered skills.
[2026-08-20 02:27:03] [INFO] [ren.skills]: Loaded 10 registered skills.
[2026-08-20 02:30:37] [INFO] [ren.skills]: Loaded 10 registered skills.
[2026-08-20 02:31:23] [INFO] [ren.skills]: Loaded 10 registered skills.
[2026-08-20 02:31:42] [INFO] [ren.skills]: Loaded 10 registered skills.
[2026-08-20 02:31:49] [INFO] [ren.skills]: Loaded 10 registered skills.
[2026-08-20 02:32:14] [INFO] [ren.skills]: Loaded 10 registered skills.
[2026-08-20 02:33:12] [INFO] [ren.skills]: Loaded 10 registered skills.
[2026-08-20 02:33:18] [INFO] [ren.skills]: Loaded 10 registered skills.
[2026-08-20 02:34:23] [INFO] [ren.skills]: Loaded 10 registered skills.
[2026-08-20 02:56:44] [INFO] [ren.skills]: Loaded 10 registered skills.
[2026-08-20 02:56:51] [INFO] [ren.skills]: Loaded 10 registered skills.
[2026-08-20 02:56:56] [INFO] [ren.skills]: Loaded 10 registered skills.
[2026-08-20 02:57:06] [INFO] [ren.skills]: Loaded 10 registered skills.
[2026-08-20 02:57:37] [INFO] [ren.skills]: Loaded 10 registered skills.
[2026-08-20 02:57:39] [INFO] [ren.skills]: Loaded 10 registered skills.
[2026-08-20 02:57:43] [INFO] [ren.skills]: Loaded 10 registered skills.
[2026-08-20 02:59:39] [INFO] [ren.skills]: Loaded 10 registered skills.
[2026-08-20 03:02:40] [INFO] [ren.skills]: Loaded 10 registered skills.
[2026-08-20 03:02:42] [INFO] [ren.skills]: Loaded 10 registered skills.
[2026-08-20 03:02:46] [INFO] [ren.skills]: Loaded 10 registered skills.
[2026-08-20 03:04:47] [INFO] [ren.skills]: Loaded 10 registered skills.
[2026-08-22 00:37:31] [INFO] [ren.skills]: Loaded 10 registered skills.
[2026-08-22 00:44:22] [INFO] [ren.skills]: Loaded 10 registered skills.
[2026-08-22 00:44:46] [INFO] [ren.skills]: Loaded 10 registered skills.
[2026-08-22 00:45:06] [INFO] [ren.skills]: Loaded 10 registered skills.
[2026-08-22 00:45:46] [INFO] [ren.skills]: Loaded 10 registered skills.
[2026-08-22 00:46:20] [INFO] [ren.skills]: Loaded 10 registered skills.
[2026-08-22 00:48:09] [INFO] [ren.skills]: Loaded 10 registered skills.
[2026-08-22 00:51:18] [INFO] [ren.skills]: Loaded 10 registered skills.
[2026-08-22 01:13:13] [INFO] [ren.skills]: Testing new skill 'Image Generation' in sandbox...
[2026-08-22 01:13:16] [INFO] [ren.skills]: Loaded 11 registered skills.
[2026-08-22 01:13:16] [INFO] [ren.skills]: Successfully registered and promoted skill: Image Generation
[2026-08-22 01:25:50] [INFO] [ren.skills]: Loaded 11 registered skills.
[2026-08-22 01:27:47] [INFO] [ren.skills]: Loaded 11 registered skills.
[2026-08-22 01:28:02] [INFO] [ren.skills]: Loaded 11 registered skills.
[2026-08-22 01:34:06] [INFO] [ren.skills]: Loaded 11 registered skills.
[2026-08-22 01:34:31] [INFO] [ren.skills]: Loaded 11 registered skills.
[2026-08-22 01:36:14] [INFO] [ren.skills]: Loaded 11 registered skills.
[2026-08-22 01:48:40] [INFO] [ren.skills]: Loaded 11 registered skills.
[2026-08-22 02:33:59] [INFO] [ren.skills]: Loaded 11 registered skills.
[2026-08-22 02:54:16] [INFO] [ren.skills]: Loaded 11 registered skills.
[2026-08-22 03:16:55] [INFO] [ren.skills]: Loaded 11 registered skills.
[2026-08-22 03:21:34] [INFO] [ren.skills]: Loaded 11 registered skills.
[2026-08-22 03:39:07] [INFO] [ren.skills]: Loaded 11 registered skills.
[2026-08-22 03:41:43] [INFO] [ren.skills]: Loaded 11 registered skills.
[2026-08-22 03:45:17] [INFO] [ren.skills]: Loaded 11 registered skills.
[2026-08-22 04:02:11] [INFO] [ren.skills]: Loaded 11 registered skills.
[2026-08-22 04:10:19] [INFO] [ren.skills]: Loaded 11 registered skills.
[2026-08-22 04:17:05] [INFO] [ren.skills]: Loaded 11 registered skills.
[2026-08-22 04:55:46] [INFO] [ren.skills]: Loaded 11 registered skills.
[2026-08-22 05:01:36] [INFO] [ren.skills]: Loaded 11 registered skills.
[2026-08-22 05:35:58] [INFO] [ren.skills]: Loaded 11 registered skills.
[2026-08-22 05:43:43] [INFO] [ren.skills]: Loaded 11 registered skills.
[2026-08-22 05:46:10] [INFO] [ren.skills]: Loaded 11 registered skills.
[2026-08-22 20:28:59] [INFO] [ren.skills]: Loaded 11 registered skills.
[2026-08-22 20:29:25] [INFO] [ren.skills]: Testing new skill 'Test Greeter' in sandbox...
[2026-08-22 20:29:25] [INFO] [ren.skills]: Loaded 11 registered skills.
[2026-08-22 20:29:25] [INFO] [ren.skills]: Successfully registered and promoted skill: Test Greeter
[2026-08-22 20:29:31] [INFO] [ren.skills]: Loaded 11 registered skills.
[2026-08-22 21:07:45] [INFO] [ren.skills]: Loaded 11 registered skills.
[2026-08-22 21:08:07] [INFO] [ren.skills]: Testing new skill 'Test Greeter' in sandbox...
[2026-08-22 21:08:07] [INFO] [ren.skills]: Loaded 11 registered skills.
[2026-08-22 21:08:07] [INFO] [ren.skills]: Successfully registered and promoted skill: Test Greeter
[2026-08-24 02:37:10] [INFO] [ren.skills]: Loaded 11 registered skills.
[2026-08-24 02:37:43] [INFO] [ren.skills]: Testing new skill 'Test Greeter' in sandbox...
[2026-08-24 02:37:43] [INFO] [ren.skills]: Loaded 11 registered skills.
[2026-08-24 02:37:43] [INFO] [ren.skills]: Successfully registered and promoted skill: Test Greeter
[2026-08-24 02:38:09] [INFO] [ren.skills]: Loaded 11 registered skills.
[2026-08-24 02:38:21] [INFO] [ren.skills]: Testing new skill 'Test Greeter' in sandbox...
[2026-08-24 02:38:22] [INFO] [ren.skills]: Loaded 11 registered skills.
[2026-08-24 02:38:22] [INFO] [ren.skills]: Successfully registered and promoted skill: Test Greeter
[2026-08-24 02:38:25] [INFO] [ren.skills]: Loaded 11 registered skills.
[2026-08-24 02:38:36] [INFO] [ren.skills]: Testing new skill 'Test Greeter' in sandbox...
[2026-08-24 02:38:36] [INFO] [ren.skills]: Loaded 11 registered skills.
[2026-08-24 02:38:36] [INFO] [ren.skills]: Successfully registered and promoted skill: Test Greeter
[2026-08-24 02:47:54] [INFO] [ren.skills]: Loaded 11 registered skills.
[2026-08-24 02:48:00] [INFO] [ren.skills]: Testing new skill 'Test Greeter' in sandbox...
[2026-08-24 02:48:00] [INFO] [ren.skills]: Loaded 11 registered skills.
[2026-08-24 02:48:00] [INFO] [ren.skills]: Successfully registered and promoted skill: Test Greeter
[2026-08-24 02:48:50] [INFO] [ren.skills]: Loaded 11 registered skills.
[2026-08-24 02:48:55] [INFO] [ren.skills]: Testing new skill 'Test Greeter' in sandbox...
[2026-08-24 02:48:55] [INFO] [ren.skills]: Loaded 11 registered skills.
[2026-08-24 02:48:55] [INFO] [ren.skills]: Successfully registered and promoted skill: Test Greeter
[2026-08-25 01:53:19] [INFO] [ren.skills]: Loaded 11 registered skills.
[2026-08-25 01:57:51] [INFO] [ren.skills]: Loaded 11 registered skills.
[2026-08-25 02:07:12] [INFO] [ren.skills]: Loaded 11 registered skills.
[2026-08-25 02:12:20] [INFO] [ren.skills]: Loaded 11 registered skills.
[2026-08-25 02:29:08] [INFO] [ren.skills]: Loaded 11 registered skills.
[2026-08-25 02:31:15] [INFO] [ren.skills]: Loaded 11 registered skills.
[2026-08-25 02:33:50] [INFO] [ren.skills]: Loaded 11 registered skills.
[2026-08-25 02:35:39] [INFO] [ren.skills]: Loaded 11 registered skills.
[2026-08-25 02:38:16] [INFO] [ren.skills]: Loaded 11 registered skills.
[2026-08-25 02:38:47] [INFO] [ren.skills]: Loaded 11 registered skills.
[2026-08-25 02:39:07] [INFO] [ren.skills]: Testing new skill 'Test Greeter' in sandbox...
[2026-08-25 02:39:07] [INFO] [ren.skills]: Loaded 11 registered skills.
[2026-08-25 02:39:07] [INFO] [ren.skills]: Successfully registered and promoted skill: Test Greeter
[2026-08-25 02:40:52] [INFO] [ren.skills]: Loaded 11 registered skills.
[2026-08-25 03:03:22] [INFO] [ren.skills]: Loaded 11 registered skills.
[2026-08-25 03:07:23] [INFO] [ren.skills]: Loaded 11 registered skills.
[2026-08-25 03:10:26] [INFO] [ren.skills]: Loaded 11 registered skills.
[2026-08-25 03:18:45] [INFO] [ren.skills]: Loaded 11 registered skills.
[2026-08-25 03:20:35] [INFO] [ren.skills]: Loaded 11 registered skills.
[2026-08-25 03:21:58] [INFO] [ren.skills]: Loaded 11 registered skills.
[2026-08-25 03:23:13] [INFO] [ren.skills]: Loaded 11 registered skills.
[2026-08-25 03:24:45] [INFO] [ren.skills]: Loaded 11 registered skills.
[2026-08-25 03:25:09] [INFO] [ren.skills]: Loaded 11 registered skills.
[2026-08-25 03:25:19] [INFO] [ren.skills]: Loaded 11 registered skills.
[2026-08-25 03:25:24] [INFO] [ren.skills]: Testing new skill 'Test Greeter' in sandbox...
[2026-08-25 03:25:24] [INFO] [ren.skills]: Loaded 11 registered skills.
[2026-08-25 03:25:24] [INFO] [ren.skills]: Successfully registered and promoted skill: Test Greeter
[2026-08-25 03:26:29] [INFO] [ren.skills]: Loaded 11 registered skills.
[2026-08-25 03:36:17] [INFO] [ren.skills]: Loaded 11 registered skills.
[2026-08-25 03:37:13] [INFO] [ren.skills]: Loaded 11 registered skills.
[2026-08-25 03:37:51] [INFO] [ren.skills]: Loaded 11 registered skills.
[2026-08-25 03:37:57] [INFO] [ren.skills]: Testing new skill 'Test Greeter' in sandbox...
[2026-08-25 03:37:57] [INFO] [ren.skills]: Loaded 11 registered skills.
[2026-08-25 03:37:57] [INFO] [ren.skills]: Successfully registered and promoted skill: Test Greeter
[2026-08-25 03:38:21] [INFO] [ren.skills]: Loaded 11 registered skills.
[2026-08-25 03:46:29] [INFO] [ren.skills]: Loaded 11 registered skills.
[2026-08-25 03:48:19] [INFO] [ren.skills]: Loaded 11 registered skills.
[2026-08-25 03:48:24] [INFO] [ren.skills]: Testing new skill 'Test Greeter' in sandbox...
[2026-08-25 03:48:24] [INFO] [ren.skills]: Loaded 11 registered skills.
[2026-08-25 03:48:24] [INFO] [ren.skills]: Successfully registered and promoted skill: Test Greeter
[2026-08-25 03:49:49] [INFO] [ren.skills]: Loaded 11 registered skills.
[2026-08-25 03:58:40] [INFO] [ren.skills]: Loaded 11 registered skills.
[2026-08-25 04:00:35] [INFO] [ren.skills]: Loaded 11 registered skills.
[2026-08-25 04:00:43] [INFO] [ren.skills]: Testing new skill 'Test Greeter' in sandbox...
[2026-08-25 04:00:43] [INFO] [ren.skills]: Loaded 11 registered skills.
[2026-08-25 04:00:43] [INFO] [ren.skills]: Successfully registered and promoted skill: Test Greeter
[2026-08-25 04:02:00] [INFO] [ren.skills]: Loaded 11 registered skills.
[2026-08-29 02:47:44] [INFO] [ren.skills]: Loaded 11 registered skills.
[2026-08-29 02:50:28] [INFO] [ren.skills]: Loaded 11 registered skills.
[2026-08-29 03:28:22] [INFO] [ren.skills]: Loaded 11 registered skills.
[2026-08-29 03:28:29] [INFO] [ren.skills]: Testing new skill 'Test Greeter' in sandbox...
[2026-08-29 03:28:30] [INFO] [ren.skills]: Loaded 11 registered skills.
[2026-08-29 03:28:30] [INFO] [ren.skills]: Successfully registered and promoted skill: Test Greeter
[2026-08-29 03:30:48] [INFO] [ren.skills]: Loaded 11 registered skills.
[2026-08-29 03:31:02] [INFO] [ren.skills]: Testing new skill 'Test Greeter' in sandbox...
[2026-08-29 03:31:02] [INFO] [ren.skills]: Loaded 11 registered skills.
[2026-08-29 03:31:02] [INFO] [ren.skills]: Successfully registered and promoted skill: Test Greeter
[2026-08-29 03:31:13] [INFO] [ren.skills]: Loaded 11 registered skills.
[2026-08-29 03:33:25] [INFO] [ren.skills]: Loaded 11 registered skills.
[2026-08-29 03:35:54] [INFO] [ren.skills]: Loaded 11 registered skills.
[2026-08-29 03:36:16] [INFO] [ren.skills]: Testing new skill 'Test Greeter' in sandbox...
[2026-08-29 03:36:16] [INFO] [ren.skills]: Loaded 11 registered skills.
[2026-08-29 03:36:16] [INFO] [ren.skills]: Successfully registered and promoted skill: Test Greeter
[2026-08-29 03:36:24] [INFO] [ren.skills]: Loaded 11 registered skills.
[2026-08-29 03:38:24] [INFO] [ren.skills]: Loaded 11 registered skills.
[2026-08-29 03:38:45] [INFO] [ren.skills]: Testing new skill 'Test Greeter' in sandbox...
[2026-08-29 03:38:45] [INFO] [ren.skills]: Loaded 11 registered skills.
[2026-08-29 03:38:45] [INFO] [ren.skills]: Successfully registered and promoted skill: Test Greeter
[2026-08-29 03:43:31] [INFO] [ren.skills]: Loaded 11 registered skills.
[2026-08-29 03:43:39] [INFO] [ren.skills]: Loaded 11 registered skills.
[2026-08-29 03:45:32] [INFO] [ren.skills]: Loaded 11 registered skills.
[2026-08-29 03:45:47] [INFO] [ren.skills]: Testing new skill 'Test Greeter' in sandbox...
[2026-08-29 03:45:47] [INFO] [ren.skills]: Loaded 11 registered skills.
[2026-08-29 03:45:47] [INFO] [ren.skills]: Successfully registered and promoted skill: Test Greeter
[2026-08-29 03:45:59] [INFO] [ren.skills]: Loaded 11 registered skills.
[2026-08-29 03:46:50] [INFO] [ren.skills]: Loaded 11 registered skills.
[2026-08-29 03:47:34] [INFO] [ren.skills]: Loaded 11 registered skills.
[2026-08-29 22:55:15] [INFO] [ren.skills]: Loaded 11 registered skills.
[2026-08-29 22:55:21] [INFO] [ren.skills]: Testing new skill 'Test Greeter' in execution sandbox...
[2026-08-29 22:55:22] [INFO] [ren.skills]: Successfully registered and dynamically loaded skill: Test Greeter
[2026-08-29 22:55:22] [INFO] [ren.skills]: Testing new skill 'Toggleable Skill' in execution sandbox...
[2026-08-29 22:55:22] [INFO] [ren.skills]: Successfully registered and dynamically loaded skill: Toggleable Skill
[2026-08-29 22:55:22] [INFO] [ren.skills]: Testing new skill 'Speedrun Math Calculator' in execution sandbox...
[2026-08-29 22:55:22] [INFO] [ren.skills]: Successfully registered and dynamically loaded skill: Speedrun Math Calculator
[2026-08-29 22:55:22] [INFO] [ren.skills]: Executing skill: Speedrun Math Calculator (args: {})
[2026-08-29 22:55:22] [INFO] [ren.skills]: Executing skill: Speedrun Math Calculator (args: {})
[2026-08-29 22:55:22] [INFO] [ren.skills]: Executing skill: Speedrun Math Calculator (args: {})
[2026-08-29 22:55:22] [WARNING] [ren.skills]: Skill static validation failed: SyntaxError on line 1: invalid syntax
[2026-08-29 22:55:47] [INFO] [ren.skills]: Loaded 13 registered skills.
[2026-08-29 22:56:08] [INFO] [ren.skills]: Testing new skill 'Test Greeter' in execution sandbox...
[2026-08-29 22:56:08] [INFO] [ren.skills]: Successfully registered and dynamically loaded skill: Test Greeter
[2026-08-29 22:56:08] [INFO] [ren.skills]: Testing new skill 'Toggleable Skill' in execution sandbox...
[2026-08-29 22:56:08] [INFO] [ren.skills]: Successfully registered and dynamically loaded skill: Toggleable Skill
[2026-08-29 22:56:08] [INFO] [ren.skills]: Testing new skill 'Speedrun Math Calculator' in execution sandbox...
[2026-08-29 22:56:08] [INFO] [ren.skills]: Successfully registered and dynamically loaded skill: Speedrun Math Calculator
[2026-08-29 22:56:08] [INFO] [ren.skills]: Executing skill: Speedrun Math Calculator (args: {})
[2026-08-29 22:56:09] [INFO] [ren.skills]: Executing skill: Speedrun Math Calculator (args: {})
[2026-08-29 22:56:09] [INFO] [ren.skills]: Executing skill: Speedrun Math Calculator (args: {})
[2026-08-29 22:56:09] [WARNING] [ren.skills]: Skill static validation failed: SyntaxError on line 1: invalid syntax
[2026-08-29 22:58:05] [INFO] [ren.skills]: Loaded 13 registered skills.
[2026-08-29 22:59:46] [INFO] [ren.skills]: Testing new skill 'Camera Vision' in execution sandbox...
[2026-08-29 22:59:53] [INFO] [ren.skills]: Successfully registered and dynamically loaded skill: Camera Vision
[2026-08-29 22:59:53] [INFO] [ren.skills]: Executing skill: Camera Vision (args: {})
[2026-08-29 23:00:20] [INFO] [ren.skills]: Executing skill: Camera Vision (args: {'input': 'capture and describe'})
[2026-08-29 23:00:48] [INFO] [ren.skills]: Executing skill: Camera Vision (args: {})
[2026-08-29 23:01:08] [INFO] [ren.skills]: Executing skill: Camera Vision (args: {'input': 'capture'})
[2026-08-29 23:05:18] [INFO] [ren.skills]: Testing new skill 'Battery_Checker' in execution sandbox...
[2026-08-29 23:05:18] [INFO] [ren.skills]: Successfully registered and dynamically loaded skill: Battery_Checker
[2026-08-29 23:05:18] [INFO] [ren.skills]: Executing skill: Battery_Checker (args: {})
[2026-08-29 23:07:29] [INFO] [ren.skills]: Executing skill: Camera Vision (args: {'input': 'What is currently in front of the camera? Please describe the objects and scene in detail.'})
[2026-08-29 23:12:52] [INFO] [ren.skills]: Testing new skill 'Minecraft_Autonomous_Agent' in execution sandbox...
[2026-08-29 23:12:58] [INFO] [ren.skills]: Successfully registered and dynamically loaded skill: Minecraft_Autonomous_Agent
[2026-08-29 23:12:58] [INFO] [ren.skills]: Executing skill: Minecraft_Autonomous_Agent (args: {})
[2026-08-29 23:24:14] [INFO] [ren.skills]: Loaded 18 registered skills.
[2026-08-29 23:24:36] [INFO] [ren.skills]: Testing new skill 'Test Greeter' in execution sandbox...
[2026-08-29 23:24:36] [INFO] [ren.skills]: Successfully registered and dynamically loaded skill: Test Greeter
[2026-08-29 23:24:36] [INFO] [ren.skills]: Testing new skill 'Toggleable Skill' in execution sandbox...
[2026-08-29 23:24:36] [INFO] [ren.skills]: Successfully registered and dynamically loaded skill: Toggleable Skill
[2026-08-29 23:24:36] [INFO] [ren.skills]: Testing new skill 'Speedrun Math Calculator' in execution sandbox...
[2026-08-29 23:24:36] [INFO] [ren.skills]: Successfully registered and dynamically loaded skill: Speedrun Math Calculator
[2026-08-29 23:24:36] [INFO] [ren.skills]: Executing skill: Speedrun Math Calculator (args: {})
[2026-08-29 23:24:36] [INFO] [ren.skills]: Executing skill: Speedrun Math Calculator (args: {})
[2026-08-29 23:24:36] [INFO] [ren.skills]: Executing skill: Speedrun Math Calculator (args: {})
[2026-08-29 23:24:36] [WARNING] [ren.skills]: Skill static validation failed: SyntaxError on line 1: invalid syntax
[2026-08-29 23:31:37] [INFO] [ren.skills]: Loaded 18 registered skills.
[2026-08-29 23:31:58] [INFO] [ren.skills]: Testing new skill 'Test Greeter' in execution sandbox...
[2026-08-29 23:31:58] [INFO] [ren.skills]: Successfully registered and dynamically loaded skill: Test Greeter
[2026-08-29 23:31:58] [INFO] [ren.skills]: Testing new skill 'Toggleable Skill' in execution sandbox...
[2026-08-29 23:31:58] [INFO] [ren.skills]: Successfully registered and dynamically loaded skill: Toggleable Skill
[2026-08-29 23:31:58] [INFO] [ren.skills]: Testing new skill 'Speedrun Math Calculator' in execution sandbox...
[2026-08-29 23:31:59] [INFO] [ren.skills]: Successfully registered and dynamically loaded skill: Speedrun Math Calculator
[2026-08-29 23:31:59] [INFO] [ren.skills]: Executing skill: Speedrun Math Calculator (args: {})
[2026-08-29 23:31:59] [INFO] [ren.skills]: Executing skill: Speedrun Math Calculator (args: {})
[2026-08-29 23:31:59] [INFO] [ren.skills]: Executing skill: Speedrun Math Calculator (args: {})
[2026-08-29 23:31:59] [WARNING] [ren.skills]: Skill static validation failed: SyntaxError on line 1: invalid syntax
[2026-08-29 23:35:56] [INFO] [ren.skills]: Loaded 18 registered skills.
[2026-08-29 23:39:11] [INFO] [ren.skills]: Testing new skill 'fetch_cyan_code_videos' in execution sandbox...
[2026-08-29 23:39:11] [INFO] [ren.skills]: Successfully registered and dynamically loaded skill: Fetch_Cyan_Code_Videos
[2026-08-29 23:39:11] [INFO] [ren.skills]: Executing skill: Fetch_Cyan_Code_Videos (args: {})
[2026-08-29 23:39:28] [INFO] [ren.skills]: Executing skill: Fetch_Cyan_Code_Videos (args: {})
[2026-08-29 23:39:49] [INFO] [ren.skills]: Executing skill: Fetch_Cyan_Code_Videos (args: {})
[2026-09-04 19:06:43] [INFO] [ren.skills]: Loaded 20 registered skills.
[2026-09-04 19:07:34] [INFO] [ren.skills]: Testing new skill 'Test Greeter' in execution sandbox...
[2026-09-04 19:07:34] [INFO] [ren.skills]: Successfully registered and dynamically loaded skill: Test Greeter
[2026-09-04 19:07:34] [INFO] [ren.skills]: Testing new skill 'Toggleable Skill' in execution sandbox...
[2026-09-04 19:07:35] [INFO] [ren.skills]: Successfully registered and dynamically loaded skill: Toggleable Skill
[2026-09-04 19:07:35] [INFO] [ren.skills]: Testing new skill 'Speedrun Math Calculator' in execution sandbox...
[2026-09-04 19:07:35] [INFO] [ren.skills]: Successfully registered and dynamically loaded skill: Speedrun Math Calculator
[2026-09-04 19:07:35] [INFO] [ren.skills]: Executing skill: Speedrun Math Calculator (args: {})
[2026-09-04 19:07:35] [INFO] [ren.skills]: Executing skill: Speedrun Math Calculator (args: {})
[2026-09-04 19:07:35] [INFO] [ren.skills]: Executing skill: Speedrun Math Calculator (args: {})
[2026-09-04 19:07:35] [WARNING] [ren.skills]: Skill static validation failed: SyntaxError on line 1: invalid syntax
[2026-09-04 19:11:27] [INFO] [ren.skills]: Loaded 20 registered skills.
[2026-09-04 19:11:36] [INFO] [ren.skills]: Loaded 20 registered skills.
[2026-09-04 19:11:53] [INFO] [ren.skills]: Loaded 20 registered skills.
[2026-09-04 19:11:58] [INFO] [ren.skills]: Loaded 20 registered skills.
[2026-09-04 19:12:18] [INFO] [ren.skills]: Testing new skill 'Test Greeter' in execution sandbox...
[2026-09-04 19:12:18] [INFO] [ren.skills]: Successfully registered and dynamically loaded skill: Test Greeter
[2026-09-04 19:12:18] [INFO] [ren.skills]: Testing new skill 'Toggleable Skill' in execution sandbox...
[2026-09-04 19:12:18] [INFO] [ren.skills]: Successfully registered and dynamically loaded skill: Toggleable Skill
[2026-09-04 19:12:18] [INFO] [ren.skills]: Testing new skill 'Speedrun Math Calculator' in execution sandbox...
[2026-09-04 19:12:18] [INFO] [ren.skills]: Successfully registered and dynamically loaded skill: Speedrun Math Calculator
[2026-09-04 19:12:18] [INFO] [ren.skills]: Executing skill: Speedrun Math Calculator (args: {})
[2026-09-04 19:12:18] [INFO] [ren.skills]: Executing skill: Speedrun Math Calculator (args: {})
[2026-09-04 19:12:18] [INFO] [ren.skills]: Executing skill: Speedrun Math Calculator (args: {})
[2026-09-04 19:12:18] [WARNING] [ren.skills]: Skill static validation failed: SyntaxError on line 1: invalid syntax
[2026-09-04 19:12:43] [INFO] [ren.skills]: Loaded 20 registered skills.
[2026-09-04 19:13:10] [INFO] [ren.skills]: Testing new skill 'Test Greeter' in execution sandbox...
[2026-09-04 19:13:15] [INFO] [ren.skills]: Successfully registered and dynamically loaded skill: Test Greeter
[2026-09-04 19:13:15] [INFO] [ren.skills]: Testing new skill 'Toggleable Skill' in execution sandbox...
[2026-09-04 19:13:15] [INFO] [ren.skills]: Successfully registered and dynamically loaded skill: Toggleable Skill
[2026-09-04 19:13:15] [INFO] [ren.skills]: Testing new skill 'Speedrun Math Calculator' in execution sandbox...
[2026-09-04 19:13:15] [INFO] [ren.skills]: Successfully registered and dynamically loaded skill: Speedrun Math Calculator
[2026-09-04 19:13:15] [INFO] [ren.skills]: Executing skill: Speedrun Math Calculator (args: {})
[2026-09-04 19:13:16] [INFO] [ren.skills]: Executing skill: Speedrun Math Calculator (args: {})
[2026-09-04 19:13:16] [INFO] [ren.skills]: Executing skill: Speedrun Math Calculator (args: {})
[2026-09-04 19:13:16] [WARNING] [ren.skills]: Skill static validation failed: SyntaxError on line 1: invalid syntax
[2026-09-04 19:15:35] [INFO] [ren.skills]: Loaded 20 registered skills.
[2026-09-04 19:16:24] [INFO] [ren.skills]: Loaded 20 registered skills.
[2026-09-04 19:16:24] [INFO] [ren.skills]: Testing new skill 'Test Greeter' in execution sandbox...
[2026-09-04 19:16:24] [INFO] [ren.skills]: Successfully registered and dynamically loaded skill: Test Greeter
[2026-09-04 19:16:24] [INFO] [ren.skills]: Testing new skill 'Toggleable Skill' in execution sandbox...
[2026-09-04 19:16:24] [INFO] [ren.skills]: Successfully registered and dynamically loaded skill: Toggleable Skill
[2026-09-04 19:16:24] [INFO] [ren.skills]: Testing new skill 'Speedrun Math Calculator' in execution sandbox...
[2026-09-04 19:16:24] [INFO] [ren.skills]: Successfully registered and dynamically loaded skill: Speedrun Math Calculator
[2026-09-04 19:16:24] [INFO] [ren.skills]: Executing skill: Speedrun Math Calculator (args: {})
[2026-09-04 19:16:24] [INFO] [ren.skills]: Executing skill: Speedrun Math Calculator (args: {})
[2026-09-04 19:16:24] [INFO] [ren.skills]: Executing skill: Speedrun Math Calculator (args: {})
[2026-09-04 19:16:24] [WARNING] [ren.skills]: Skill static validation failed: SyntaxError on line 1: invalid syntax
[2026-09-04 19:20:21] [INFO] [ren.skills]: Loaded 20 registered skills.
[2026-09-04 19:21:32] [INFO] [ren.skills]: Loaded 20 registered skills.
[2026-09-04 19:21:44] [INFO] [ren.skills]: Loaded 20 registered skills.
[2026-09-04 19:22:50] [INFO] [ren.skills]: Loaded 20 registered skills.
[2026-09-04 19:24:21] [INFO] [ren.skills]: Loaded 20 registered skills.
[2026-09-04 19:26:25] [INFO] [ren.skills]: Loaded 20 registered skills.
[2026-09-04 19:26:35] [INFO] [ren.skills]: Loaded 20 registered skills.
[2026-09-04 19:27:11] [INFO] [ren.skills]: Loaded 20 registered skills.
[2026-09-04 19:27:40] [INFO] [ren.skills]: Testing new skill 'Test Greeter' in execution sandbox...
[2026-09-04 19:27:41] [INFO] [ren.skills]: Successfully registered and dynamically loaded skill: Test Greeter
[2026-09-04 19:27:41] [INFO] [ren.skills]: Testing new skill 'Toggleable Skill' in execution sandbox...
[2026-09-04 19:27:41] [INFO] [ren.skills]: Successfully registered and dynamically loaded skill: Toggleable Skill
[2026-09-04 19:27:41] [INFO] [ren.skills]: Testing new skill 'Speedrun Math Calculator' in execution sandbox...
[2026-09-04 19:27:41] [INFO] [ren.skills]: Successfully registered and dynamically loaded skill: Speedrun Math Calculator
[2026-09-04 19:27:41] [INFO] [ren.skills]: Executing skill: Speedrun Math Calculator (args: {})
[2026-09-04 19:27:41] [INFO] [ren.skills]: Executing skill: Speedrun Math Calculator (args: {})
[2026-09-04 19:27:41] [INFO] [ren.skills]: Executing skill: Speedrun Math Calculator (args: {})
[2026-09-04 19:27:41] [WARNING] [ren.skills]: Skill static validation failed: SyntaxError on line 1: invalid syntax
[2026-09-04 19:36:47] [INFO] [ren.skills]: Loaded 20 registered skills.
[2026-09-04 19:37:11] [INFO] [ren.skills]: Testing new skill 'Test Greeter' in execution sandbox...
[2026-09-04 19:37:11] [INFO] [ren.skills]: Successfully registered and dynamically loaded skill: Test Greeter
[2026-09-04 19:37:11] [INFO] [ren.skills]: Testing new skill 'Toggleable Skill' in execution sandbox...
[2026-09-04 19:37:12] [INFO] [ren.skills]: Successfully registered and dynamically loaded skill: Toggleable Skill
[2026-09-04 19:37:12] [INFO] [ren.skills]: Testing new skill 'Speedrun Math Calculator' in execution sandbox...
[2026-09-04 19:37:12] [INFO] [ren.skills]: Successfully registered and dynamically loaded skill: Speedrun Math Calculator
[2026-09-04 19:37:12] [INFO] [ren.skills]: Executing skill: Speedrun Math Calculator (args: {})
[2026-09-04 19:37:12] [INFO] [ren.skills]: Executing skill: Speedrun Math Calculator (args: {})
[2026-09-04 19:37:12] [INFO] [ren.skills]: Executing skill: Speedrun Math Calculator (args: {})
[2026-09-04 19:37:12] [WARNING] [ren.skills]: Skill static validation failed: SyntaxError on line 1: invalid syntax
[2026-09-04 19:40:09] [INFO] [ren.skills]: Loaded 20 registered skills.
